Archive member included to satisfy reference by file (symbol)

C:/ST/STM32CubeIDE_2.1.1/STM32CubeIDE/plugins/com.st.stm32cube.ide.mcu.externaltools.gnu-tools-for-stm32.14.3.rel1.win32_1.0.100.202602081740/tools/bin/../lib/gcc/arm-none-eabi/14.3.1/../../../../arm-none-eabi/lib/thumb/v7e-m+fp/hard\libc_nano.a(libc_a-exit.o)
                              C:/ST/STM32CubeIDE_2.1.1/STM32CubeIDE/plugins/com.st.stm32cube.ide.mcu.externaltools.gnu-tools-for-stm32.14.3.rel1.win32_1.0.100.202602081740/tools/bin/../lib/gcc/arm-none-eabi/14.3.1/../../../../arm-none-eabi/lib/thumb/v7e-m+fp/hard/crt0.o (exit)
C:/ST/STM32CubeIDE_2.1.1/STM32CubeIDE/plugins/com.st.stm32cube.ide.mcu.externaltools.gnu-tools-for-stm32.14.3.rel1.win32_1.0.100.202602081740/tools/bin/../lib/gcc/arm-none-eabi/14.3.1/../../../../arm-none-eabi/lib/thumb/v7e-m+fp/hard\libc_nano.a(libc_a-findfp.o)
                              C:/ST/STM32CubeIDE_2.1.1/STM32CubeIDE/plugins/com.st.stm32cube.ide.mcu.externaltools.gnu-tools-for-stm32.14.3.rel1.win32_1.0.100.202602081740/tools/bin/../lib/gcc/arm-none-eabi/14.3.1/../../../../arm-none-eabi/lib/thumb/v7e-m+fp/hard\libc_nano.a(libc_a-exit.o) (__stdio_exit_handler)
C:/ST/STM32CubeIDE_2.1.1/STM32CubeIDE/plugins/com.st.stm32cube.ide.mcu.externaltools.gnu-tools-for-stm32.14.3.rel1.win32_1.0.100.202602081740/tools/bin/../lib/gcc/arm-none-eabi/14.3.1/../../../../arm-none-eabi/lib/thumb/v7e-m+fp/hard\libc_nano.a(libc_a-fwalk.o)
                              C:/ST/STM32CubeIDE_2.1.1/STM32CubeIDE/plugins/com.st.stm32cube.ide.mcu.externaltools.gnu-tools-for-stm32.14.3.rel1.win32_1.0.100.202602081740/tools/bin/../lib/gcc/arm-none-eabi/14.3.1/../../../../arm-none-eabi/lib/thumb/v7e-m+fp/hard\libc_nano.a(libc_a-findfp.o) (_fwalk_sglue)
C:/ST/STM32CubeIDE_2.1.1/STM32CubeIDE/plugins/com.st.stm32cube.ide.mcu.externaltools.gnu-tools-for-stm32.14.3.rel1.win32_1.0.100.202602081740/tools/bin/../lib/gcc/arm-none-eabi/14.3.1/../../../../arm-none-eabi/lib/thumb/v7e-m+fp/hard\libc_nano.a(libc_a-stdio.o)
                              C:/ST/STM32CubeIDE_2.1.1/STM32CubeIDE/plugins/com.st.stm32cube.ide.mcu.externaltools.gnu-tools-for-stm32.14.3.rel1.win32_1.0.100.202602081740/tools/bin/../lib/gcc/arm-none-eabi/14.3.1/../../../../arm-none-eabi/lib/thumb/v7e-m+fp/hard\libc_nano.a(libc_a-findfp.o) (__sread)
C:/ST/STM32CubeIDE_2.1.1/STM32CubeIDE/plugins/com.st.stm32cube.ide.mcu.externaltools.gnu-tools-for-stm32.14.3.rel1.win32_1.0.100.202602081740/tools/bin/../lib/gcc/arm-none-eabi/14.3.1/../../../../arm-none-eabi/lib/thumb/v7e-m+fp/hard\libc_nano.a(libc_a-memset.o)
                              C:/ST/STM32CubeIDE_2.1.1/STM32CubeIDE/plugins/com.st.stm32cube.ide.mcu.externaltools.gnu-tools-for-stm32.14.3.rel1.win32_1.0.100.202602081740/tools/bin/../lib/gcc/arm-none-eabi/14.3.1/../../../../arm-none-eabi/lib/thumb/v7e-m+fp/hard/crt0.o (memset)
C:/ST/STM32CubeIDE_2.1.1/STM32CubeIDE/plugins/com.st.stm32cube.ide.mcu.externaltools.gnu-tools-for-stm32.14.3.rel1.win32_1.0.100.202602081740/tools/bin/../lib/gcc/arm-none-eabi/14.3.1/../../../../arm-none-eabi/lib/thumb/v7e-m+fp/hard\libc_nano.a(libc_a-closer.o)
                              C:/ST/STM32CubeIDE_2.1.1/STM32CubeIDE/plugins/com.st.stm32cube.ide.mcu.externaltools.gnu-tools-for-stm32.14.3.rel1.win32_1.0.100.202602081740/tools/bin/../lib/gcc/arm-none-eabi/14.3.1/../../../../arm-none-eabi/lib/thumb/v7e-m+fp/hard\libc_nano.a(libc_a-stdio.o) (_close_r)
C:/ST/STM32CubeIDE_2.1.1/STM32CubeIDE/plugins/com.st.stm32cube.ide.mcu.externaltools.gnu-tools-for-stm32.14.3.rel1.win32_1.0.100.202602081740/tools/bin/../lib/gcc/arm-none-eabi/14.3.1/../../../../arm-none-eabi/lib/thumb/v7e-m+fp/hard\libc_nano.a(libc_a-reent.o)
                              C:/ST/STM32CubeIDE_2.1.1/STM32CubeIDE/plugins/com.st.stm32cube.ide.mcu.externaltools.gnu-tools-for-stm32.14.3.rel1.win32_1.0.100.202602081740/tools/bin/../lib/gcc/arm-none-eabi/14.3.1/../../../../arm-none-eabi/lib/thumb/v7e-m+fp/hard\libc_nano.a(libc_a-closer.o) (errno)
C:/ST/STM32CubeIDE_2.1.1/STM32CubeIDE/plugins/com.st.stm32cube.ide.mcu.externaltools.gnu-tools-for-stm32.14.3.rel1.win32_1.0.100.202602081740/tools/bin/../lib/gcc/arm-none-eabi/14.3.1/../../../../arm-none-eabi/lib/thumb/v7e-m+fp/hard\libc_nano.a(libc_a-impure.o)
                              C:/ST/STM32CubeIDE_2.1.1/STM32CubeIDE/plugins/com.st.stm32cube.ide.mcu.externaltools.gnu-tools-for-stm32.14.3.rel1.win32_1.0.100.202602081740/tools/bin/../lib/gcc/arm-none-eabi/14.3.1/../../../../arm-none-eabi/lib/thumb/v7e-m+fp/hard\libc_nano.a(libc_a-reent.o) (_impure_ptr)
C:/ST/STM32CubeIDE_2.1.1/STM32CubeIDE/plugins/com.st.stm32cube.ide.mcu.externaltools.gnu-tools-for-stm32.14.3.rel1.win32_1.0.100.202602081740/tools/bin/../lib/gcc/arm-none-eabi/14.3.1/../../../../arm-none-eabi/lib/thumb/v7e-m+fp/hard\libc_nano.a(libc_a-lseekr.o)
[...]
Memory Configuration

Name             Origin             Length             Attributes
RAM              0x20000000         0x00010000         xrw
FLASH            0x08000000         0x00040000         xr
*default*        0x00000000         0xffffffff

Linker script and memory map

LOAD C:/ST/STM32CubeIDE_2.1.1/STM32CubeIDE/plugins/com.st.stm32cube.ide.mcu.externaltools.gnu-tools-for-stm32.14.3.rel1.win32_1.0.100.202602081740/tools/bin/../lib/gcc/arm-none-eabi/14.3.1/thumb/v7e-m+fp/hard/crti.o
LOAD C:/ST/STM32CubeIDE_2.1.1/STM32CubeIDE/plugins/com.st.stm32cube.ide.mcu.externaltools.gnu-tools-for-stm32.14.3.rel1.win32_1.0.100.202602081740/tools/bin/../lib/gcc/arm-none-eabi/14.3.1/thumb/v7e-m+fp/hard/crtbegin.o
LOAD C:/ST/STM32CubeIDE_2.1.1/STM32CubeIDE/plugins/com.st.stm32cube.ide.mcu.externaltools.gnu-tools-for-stm32.14.3.rel1.win32_1.0.100.202602081740/tools/bin/../lib/gcc/arm-none-eabi/14.3.1/../../../../arm-none-eabi/lib/thumb/v7e-m+fp/hard/crt0.o
LOAD ./Core/Src/adc.o
LOAD ./Core/Src/dma.o
LOAD ./Core/Src/gpio.o
LOAD ./Core/Src/i2c.o
LOAD ./Core/Src/lcd_i2c.o
LOAD ./Core/Src/main.o
LOAD ./Core/Src/stm32f4xx_hal_msp.o
LOAD ./Core/Src/stm32f4xx_it.o
LOAD ./Core/Src/syscalls.o
LOAD ./Core/Src/sysmem.o
LOAD ./Core/Src/system_stm32f4xx.o
LOAD ./Core/Src/tim.o
LOAD ./Core/Startup/startup_stm32f401ccux.o
LOAD ./Drivers/STM32F4xx_HAL_Driver/Src/stm32f4xx_hal.o
LOAD ./Drivers/STM32F4xx_HAL_Driver/Src/stm32f4xx_hal_adc.o
LOAD ./Drivers/STM32F4xx_HAL_Driver/Src/stm32f4xx_hal_adc_ex.o
LOAD ./Drivers/STM32F4xx_HAL_Driver/Src/stm32f4xx_hal_cortex.o
LOAD ./Drivers/STM32F4xx_HAL_Driver/Src/stm32f4xx_hal_dma.o
LOAD ./Drivers/STM32F4xx_HAL_Driver/Src/stm32f4xx_hal_dma_ex.o
LOAD ./Drivers/STM32F4xx_HAL_Driver/Src/stm32f4xx_hal_exti.o
LOAD ./Drivers/STM32F4xx_HAL_Driver/Src/stm32f4xx_hal_flash.o
LOAD ./Drivers/STM32F4xx_HAL_Driver/Src/stm32f4xx_hal_flash_ex.o
LOAD ./Drivers/STM32F4xx_HAL_Driver/Src/stm32f4xx_hal_flash_ramfunc.o
LOAD ./Drivers/STM32F4xx_HAL_Driver/Src/stm32f4xx_hal_gpio.o
LOAD ./Drivers/STM32F4xx_HAL_Driver/Src/stm32f4xx_hal_i2c.o
LOAD ./Drivers/STM32F4xx_HAL_Driver/Src/stm32f4xx_hal_i2c_ex.o
LOAD ./Drivers/STM32F4xx_HAL_Driver/Src/stm32f4xx_hal_pcd.o
LOAD ./Drivers/STM32F4xx_HAL_Driver/Src/stm32f4xx_hal_pcd_ex.o
LOAD ./Drivers/STM32F4xx_HAL_Driver/Src/stm32f4xx_hal_pwr.o
LOAD ./Drivers/STM32F4xx_HAL_Driver/Src/stm32f4xx_hal_pwr_ex.o
LOAD ./Drivers/STM32F4xx_HAL_Driver/Src/stm32f4xx_hal_rcc.o
LOAD ./Drivers/STM32F4xx_HAL_Driver/Src/stm32f4xx_hal_rcc_ex.o
LOAD ./Drivers/STM32F4xx_HAL_Driver/Src/stm32f4xx_hal_tim.o
LOAD ./Drivers/STM32F4xx_HAL_Driver/Src/stm32f4xx_hal_tim_ex.o
LOAD ./Drivers/STM32F4xx_HAL_Driver/Src/stm32f4xx_ll_usb.o
LOAD ./Middlewares/ST/STM32_USB_Device_Library/Class/AUDIO/Src/usbd_audio.o
LOAD ./Middlewares/ST/STM32_USB_Device_Library/Class/CDC/Src/usbd_midi.o
LOAD ./Middlewares/ST/STM32_USB_Device_Library/Core/Src/usbd_core.o
LOAD ./Middlewares/ST/STM32_USB_Device_Library/Core/Src/usbd_ctlreq.o
LOAD ./Middlewares/ST/STM32_USB_Device_Library/Core/Src/usbd_ioreq.o
LOAD ./USB_DEVICE/App/usb_device.o
LOAD ./USB_DEVICE/App/usbd_audio_if.o
LOAD ./USB_DEVICE/App/usbd_desc.o
LOAD ./USB_DEVICE/Target/usbd_conf.o
START GROUP
LOAD C:/ST/STM32CubeIDE_2.1.1/STM32CubeIDE/plugins/com.st.stm32cube.ide.mcu.externaltools.gnu-tools-for-stm32.14.3.rel1.win32_1.0.100.202602081740/tools/bin/../lib/gcc/arm-none-eabi/14.3.1/../../../../arm-none-eabi/lib/thumb/v7e-m+fp/hard\libc_nano.a
LOAD C:/ST/STM32CubeIDE_2.1.1/STM32CubeIDE/plugins/com.st.stm32cube.ide.mcu.externaltools.gnu-tools-for-stm32.14.3.rel1.win32_1.0.100.202602081740/tools/bin/../lib/gcc/arm-none-eabi/14.3.1/../../../../arm-none-eabi/lib/thumb/v7e-m+fp/hard\libm.a
END GROUP
START GROUP
LOAD C:/ST/STM32CubeIDE_2.1.1/STM32CubeIDE/plugins/com.st.stm32cube.ide.mcu.externaltools.gnu-tools-for-stm32.14.3.rel1.win32_1.0.100.202602081740/tools/bin/../lib/gcc/arm-none-eabi/14.3.1/thumb/v7e-m+fp/hard\libgcc.a
LOAD C:/ST/STM32CubeIDE_2.1.1/STM32CubeIDE/plugins/com.st.stm32cube.ide.mcu.externaltools.gnu-tools-for-stm32.14.3.rel1.win32_1.0.100.202602081740/tools/bin/../lib/gcc/arm-none-eabi/14.3.1/../../../../arm-none-eabi/lib/thumb/v7e-m+fp/hard\libc_nano.a
END GROUP
START GROUP
LOAD C:/ST/STM32CubeIDE_2.1.1/STM32CubeIDE/plugins/com.st.stm32cube.ide.mcu.externaltools.gnu-tools-for-stm32.14.3.rel1.win32_1.0.100.202602081740/tools/bin/../lib/gcc/arm-none-eabi/14.3.1/thumb/v7e-m+fp/hard\libgcc.a
LOAD C:/ST/STM32CubeIDE_2.1.1/STM32CubeIDE/plugins/com.st.stm32cube.ide.mcu.externaltools.gnu-tools-for-stm32.14.3.rel1.win32_1.0.100.202602081740/tools/bin/../lib/gcc/arm-none-eabi/14.3.1/../../../../arm-none-eabi/lib/thumb/v7e-m+fp/hard\libc_nano.a
LOAD C:/ST/STM32CubeIDE_2.1.1/STM32CubeIDE/plugins/com.st.stm32cube.ide.mcu.externaltools.gnu-tools-for-stm32.14.3.rel1.win32_1.0.100.202602081740/tools/bin/../lib/gcc/arm-none-eabi/14.3.1/../../../../arm-none-eabi/lib/thumb/v7e-m+fp/hard\libnosys.a
END GROUP
START GROUP
LOAD C:/ST/STM32CubeIDE_2.1.1/STM32CubeIDE/plugins/com.st.stm32cube.ide.mcu.externaltools.gnu-tools-for-stm32.14.3.rel1.win32_1.0.100.202602081740/tools/bin/../lib/gcc/arm-none-eabi/14.3.1/thumb/v7e-m+fp/hard\libgcc.a
LOAD C:/ST/STM32CubeIDE_2.1.1/STM32CubeIDE/plugins/com.st.stm32cube.ide.mcu.externaltools.gnu-tools-for-stm32.14.3.rel1.win32_1.0.100.202602081740/tools/bin/../lib/gcc/arm-none-eabi/14.3.1/../../../../arm-none-eabi/lib/thumb/v7e-m+fp/hard\libc_nano.a
LOAD C:/ST/STM32CubeIDE_2.1.1/STM32CubeIDE/plugins/com.st.stm32cube.ide.mcu.externaltools.gnu-tools-for-stm32.14.3.rel1.win32_1.0.100.202602081740/tools/bin/../lib/gcc/arm-none-eabi/14.3.1/../../../../arm-none-eabi/lib/thumb/v7e-m+fp/hard\libnosys.a
END GROUP
LOAD C:/ST/STM32CubeIDE_2.1.1/STM32CubeIDE/plugins/com.st.stm32cube.ide.mcu.externaltools.gnu-tools-for-stm32.14.3.rel1.win32_1.0.100.202602081740/tools/bin/../lib/gcc/arm-none-eabi/14.3.1/thumb/v7e-m+fp/hard/crtend.o
LOAD C:/ST/STM32CubeIDE_2.1.1/STM32CubeIDE/plugins/com.st.stm32cube.ide.mcu.externaltools.gnu-tools-for-stm32.14.3.rel1.win32_1.0.100.202602081740/tools/bin/../lib/gcc/arm-none-eabi/14.3.1/thumb/v7e-m+fp/hard/crtn.o
                0x20010000                        _estack = (ORIGIN (RAM) + LENGTH (RAM))
                0x00000200                        _Min_Heap_Size = 0x200
                0x00000400                        _Min_Stack_Size = 0x400

.isr_vector     0x08000000      0x194
                0x08000000                        . = ALIGN (0x4)
 *(.isr_vector)
 .isr_vector    0x08000000      0x194 ./Core/Startup/startup_stm32f401ccux.o
                0x08000000                g_pfnVectors
                0x08000194                        . = ALIGN (0x4)

.text           0x08000194     0x881c
                0x08000194                        . = ALIGN (0x4)
 *(.text)
 .text          0x08000194       0x40 C:/ST/STM32CubeIDE_2.1.1/STM32CubeIDE/plugins/com.st.stm32cube.ide.mcu.externaltools.gnu-tools-for-stm32.14.3.rel1.win32_1.0.100.202602081740/tools/bin/../lib/gcc/arm-none-eabi/14.3.1/thumb/v7e-m+fp/hard/crtbegin.o
 .text          0x080001d4       0x30 C:/ST/STM32CubeIDE_2.1.1/STM32CubeIDE/plugins/com.st.stm32cube.ide.mcu.externaltools.gnu-tools-for-stm32.14.3.rel1.win32_1.0.100.202602081740/tools/bin/../lib/gcc/arm-none-eabi/14.3.1/thumb/v7e-m+fp/hard\libgcc.a(_aeabi_uldivmod.o)
                0x080001d4                __aeabi_uldivmod
 .text          0x08000204      0x2f8 C:/ST/STM32CubeIDE_2.1.1/STM32CubeIDE/plugins/com.st.stm32cube.ide.mcu.externaltools.gnu-tools-for-stm32.14.3.rel1.win32_1.0.100.202602081740/tools/bin/../lib/gcc/arm-none-eabi/14.3.1/thumb/v7e-m+fp/hard\libgcc.a(_udivmoddi4.o)
                0x08000204                __udivmoddi4
 .text          0x080004fc        0x4 C:/ST/STM32CubeIDE_2.1.1/STM32CubeIDE/plugins/com.st.stm32cube.ide.mcu.externaltools.gnu-tools-for-stm32.14.3.rel1.win32_1.0.100.202602081740/tools/bin/../lib/gcc/arm-none-eabi/14.3.1/thumb/v7e-m+fp/hard\libgcc.a(_dvmd_tls.o)
                0x080004fc                __aeabi_idiv0
                0x080004fc                __aeabi_ldiv0
 *(.text*)
 .text.MX_ADC1_Init
                0x08000500       0xa4 ./Core/Src/adc.o
                0x08000500                MX_ADC1_Init
 .text.HAL_ADC_MspInit
                0x080005a4       0xf0 ./Core/Src/adc.o
                0x080005a4                HAL_ADC_MspInit
 .text.MX_DMA_Init
                0x08000694       0x40 ./Core/Src/dma.o
                0x08000694                MX_DMA_Init
 .text.MX_GPIO_Init
                0x080006d4       0xb0 ./Core/Src/gpio.o
                0x080006d4                MX_GPIO_Init
 .text.MX_I2C1_Init
                0x08000784       0x5c ./Core/Src/i2c.o
                0x08000784                MX_I2C1_Init
 .text.HAL_I2C_MspInit
                0x080007e0       0x90 ./Core/Src/i2c.o
                0x080007e0                HAL_I2C_MspInit
 .text.lcd_send_cmd
                0x08000870       0x60 ./Core/Src/lcd_i2c.o
                0x08000870                lcd_send_cmd
 .text.lcd_send_data
                0x080008d0       0x60 ./Core/Src/lcd_i2c.o
                0x080008d0                lcd_send_data
 .text.lcd_clear
                0x08000930       0x14 ./Core/Src/lcd_i2c.o
                0x08000930                lcd_clear
 .text.lcd_put_cur
                0x08000944       0x3e ./Core/Src/lcd_i2c.o
                0x08000944                lcd_put_cur
 .text.lcd_init
                0x08000982       0x6c ./Core/Src/lcd_i2c.o
                0x08000982                lcd_init
 .text.lcd_send_string
                0x080009ee       0x2a ./Core/Src/lcd_i2c.o
                0x080009ee                lcd_send_string
 .text.SendCC   0x08000a18       0x58 ./Core/Src/main.o
                0x08000a18                SendCC
 .text.SendNoteOn
                0x08000a70       0x4c ./Core/Src/main.o
                0x08000a70                SendNoteOn
 .text.SendNoteOff
                0x08000abc       0x4c ./Core/Src/main.o
                0x08000abc                SendNoteOff
 .text.My_LCD_Create_Char
                0x08000b08       0x4e ./Core/Src/main.o
                0x08000b08                My_LCD_Create_Char
 *fill*         0x08000b56        0x2 
 .text.main     0x08000b58      0x6a4 ./Core/Src/main.o
                0x08000b58                main
 .text.SystemClock_Config
                0x080011fc       0xd8 ./Core/Src/main.o
                0x080011fc                SystemClock_Config
 .text.Error_Handler
                0x080012d4        0xc ./Core/Src/main.o
                0x080012d4                Error_Handler
 .text.HAL_MspInit
                0x080012e0       0x50 ./Core/Src/stm32f4xx_hal_msp.o
                0x080012e0                HAL_MspInit
 .text.NMI_Handler
                0x08001330        0x8 ./Core/Src/stm32f4xx_it.o
                0x08001330                NMI_Handler
 .text.HardFault_Handler
                0x08001338        0x8 ./Core/Src/stm32f4xx_it.o
                0x08001338                HardFault_Handler
 .text.MemManage_Handler
                0x08001340        0x8 ./Core/Src/stm32f4xx_it.o
                0x08001340                MemManage_Handler
 .text.BusFault_Handler
                0x08001348        0x8 ./Core/Src/stm32f4xx_it.o
                0x08001348                BusFault_Handler
 .text.UsageFault_Handler
                0x08001350        0x8 ./Core/Src/stm32f4xx_it.o
                0x08001350                UsageFault_Handler
 .text.SVC_Handler
                0x08001358        0xe ./Core/Src/stm32f4xx_it.o
                0x08001358                SVC_Handler
 .text.DebugMon_Handler
                0x08001366        0xe ./Core/Src/stm32f4xx_it.o
                0x08001366                DebugMon_Handler
 .text.PendSV_Handler
                0x08001374        0xe ./Core/Src/stm32f4xx_it.o
                0x08001374                PendSV_Handler
 .text.SysTick_Handler
                0x08001382        0xc ./Core/Src/stm32f4xx_it.o
                0x08001382                SysTick_Handler
 *fill*         0x0800138e        0x2 
 .text.DMA2_Stream0_IRQHandler
                0x08001390       0x14 ./Core/Src/stm32f4xx_it.o
                0x08001390                DMA2_Stream0_IRQHandler
 .text.OTG_FS_IRQHandler
                0x080013a4       0x14 ./Core/Src/stm32f4xx_it.o
                0x080013a4                OTG_FS_IRQHandler
 .text.SystemInit
                0x080013b8       0x24 ./Core/Src/system_stm32f4xx.o
                0x080013b8                SystemInit
 .text.MX_TIM3_Init
                0x080013dc       0xa8 ./Core/Src/tim.o
                0x080013dc                MX_TIM3_Init
 .text.HAL_TIM_Encoder_MspInit
                0x08001484       0x90 ./Core/Src/tim.o
                0x08001484                HAL_TIM_Encoder_MspInit
 .text.Reset_Handler
                0x08001514       0x50 ./Core/Startup/startup_stm32f401ccux.o
                0x08001514                Reset_Handler
 .text.Default_Handler
                0x08001564        0x2 ./Core/Startup/startup_stm32f401ccux.o
                0x08001564                RTC_Alarm_IRQHandler
                0x08001564                EXTI2_IRQHandler
                0x08001564                SPI4_IRQHandler
                0x08001564                TIM1_CC_IRQHandler
                0x08001564                DMA2_Stream5_IRQHandler
                0x08001564                DMA1_Stream5_IRQHandler
                0x08001564                PVD_IRQHandler
                0x08001564                SDIO_IRQHandler
                0x08001564                TAMP_STAMP_IRQHandler
                0x08001564                EXTI3_IRQHandler
                0x08001564                TIM1_UP_TIM10_IRQHandler
                0x08001564                I2C3_ER_IRQHandler
                0x08001564                EXTI0_IRQHandler
                0x08001564                I2C2_EV_IRQHandler
                0x08001564                DMA1_Stream2_IRQHandler
                0x08001564                FPU_IRQHandler
                0x08001564                DMA2_Stream2_IRQHandler
                0x08001564                SPI1_IRQHandler
                0x08001564                TIM1_BRK_TIM9_IRQHandler
                0x08001564                DMA2_Stream3_IRQHandler
                0x08001564                USART6_IRQHandler
                0x08001564                TIM4_IRQHandler
                0x08001564                I2C1_EV_IRQHandler
                0x08001564                DMA1_Stream6_IRQHandler
                0x08001564                DMA1_Stream1_IRQHandler
                0x08001564                TIM3_IRQHandler
                0x08001564                RCC_IRQHandler
                0x08001564                Default_Handler
                0x08001564                EXTI15_10_IRQHandler
                0x08001564                ADC_IRQHandler
                0x08001564                DMA1_Stream7_IRQHandler
                0x08001564                TIM5_IRQHandler
                0x08001564                DMA2_Stream7_IRQHandler
                0x08001564                I2C3_EV_IRQHandler
                0x08001564                EXTI9_5_IRQHandler
                0x08001564                RTC_WKUP_IRQHandler
                0x08001564                SPI2_IRQHandler
                0x08001564                DMA1_Stream0_IRQHandler
                0x08001564                EXTI4_IRQHandler
                0x08001564                WWDG_IRQHandler
                0x08001564                TIM2_IRQHandler
                0x08001564                OTG_FS_WKUP_IRQHandler
                0x08001564                TIM1_TRG_COM_TIM11_IRQHandler
                0x08001564                EXTI1_IRQHandler
                0x08001564                USART2_IRQHandler
                0x08001564                I2C2_ER_IRQHandler
                0x08001564                DMA2_Stream1_IRQHandler
                0x08001564                FLASH_IRQHandler
                0x08001564                DMA2_Stream4_IRQHandler
                0x08001564                USART1_IRQHandler
                0x08001564                SPI3_IRQHandler
                0x08001564                DMA1_Stream4_IRQHandler
                0x08001564                I2C1_ER_IRQHandler
                0x08001564                DMA2_Stream6_IRQHandler
                0x08001564                DMA1_Stream3_IRQHandler
 *fill*         0x08001566        0x2 
 .text.HAL_Init
                0x08001568       0x44 ./Drivers/STM32F4xx_HAL_Driver/Src/stm32f4xx_hal.o
                0x08001568                HAL_Init
 .text.HAL_InitTick
                0x080015ac       0x60 ./Drivers/STM32F4xx_HAL_Driver/Src/stm32f4xx_hal.o
                0x080015ac                HAL_InitTick
 .text.HAL_IncTick
                0x0800160c       0x28 ./Drivers/STM32F4xx_HAL_Driver/Src/stm32f4xx_hal.o
                0x0800160c                HAL_IncTick
 .text.HAL_GetTick
                0x08001634       0x18 ./Drivers/STM32F4xx_HAL_Driver/Src/stm32f4xx_hal.o
                0x08001634                HAL_GetTick
 .text.HAL_Delay
                0x0800164c       0x48 ./Drivers/STM32F4xx_HAL_Driver/Src/stm32f4xx_hal.o
                0x0800164c                HAL_Delay
 .text.HAL_ADC_Init
                0x08001694       0x86 ./Drivers/STM32F4xx_HAL_Driver/Src/stm32f4xx_hal_adc.o
                0x08001694                HAL_ADC_Init
 *fill*         0x0800171a        0x2 
 .text.HAL_ADC_Start
                0x0800171c      0x168 ./Drivers/STM32F4xx_HAL_Driver/Src/stm32f4xx_hal_adc.o
                0x0800171c                HAL_ADC_Start
 .text.HAL_ADC_PollForConversion
                0x08001884      0x116 ./Drivers/STM32F4xx_HAL_Driver/Src/stm32f4xx_hal_adc.o
                0x08001884                HAL_ADC_PollForConversion
 .text.HAL_ADC_GetValue
                0x0800199a       0x1a ./Drivers/STM32F4xx_HAL_Driver/Src/stm32f4xx_hal_adc.o
                0x0800199a                HAL_ADC_GetValue
 .text.HAL_ADC_ConfigChannel
                0x080019b4      0x244 ./Drivers/STM32F4xx_HAL_Driver/Src/stm32f4xx_hal_adc.o
                0x080019b4                HAL_ADC_ConfigChannel
 .text.ADC_Init
                0x08001bf8      0x1f8 ./Drivers/STM32F4xx_HAL_Driver/Src/stm32f4xx_hal_adc.o
 .text.__NVIC_SetPriorityGrouping
                0x08001df0       0x48 ./Drivers/STM32F4xx_HAL_Driver/Src/stm32f4xx_hal_cortex.o
 .text.__NVIC_GetPriorityGrouping
                0x08001e38       0x1c ./Drivers/STM32F4xx_HAL_Driver/Src/stm32f4xx_hal_cortex.o
 .text.__NVIC_EnableIRQ
                0x08001e54       0x3c ./Drivers/STM32F4xx_HAL_Driver/Src/stm32f4xx_hal_cortex.o
 .text.__NVIC_SetPriority
                0x08001e90       0x54 ./Drivers/STM32F4xx_HAL_Driver/Src/stm32f4xx_hal_cortex.o
 .text.NVIC_EncodePriority
                0x08001ee4       0x66 ./Drivers/STM32F4xx_HAL_Driver/Src/stm32f4xx_hal_cortex.o
 *fill*         0x08001f4a        0x2 
 .text.SysTick_Config
                0x08001f4c       0x44 ./Drivers/STM32F4xx_HAL_Driver/Src/stm32f4xx_hal_cortex.o
 .text.HAL_NVIC_SetPriorityGrouping
                0x08001f90       0x16 ./Drivers/STM32F4xx_HAL_Driver/Src/stm32f4xx_hal_cortex.o
                0x08001f90                HAL_NVIC_SetPriorityGrouping
 .text.HAL_NVIC_SetPriority
                0x08001fa6       0x38 ./Drivers/STM32F4xx_HAL_Driver/Src/stm32f4xx_hal_cortex.o
                0x08001fa6                HAL_NVIC_SetPriority
 .text.HAL_NVIC_EnableIRQ
                0x08001fde       0x1c ./Drivers/STM32F4xx_HAL_Driver/Src/stm32f4xx_hal_cortex.o
                0x08001fde                HAL_NVIC_EnableIRQ
 .text.HAL_SYSTICK_Config
                0x08001ffa       0x18 ./Drivers/STM32F4xx_HAL_Driver/Src/stm32f4xx_hal_cortex.o
                0x08001ffa                HAL_SYSTICK_Config
 *fill*         0x08002012        0x2 
 .text.HAL_DMA_Init
                0x08002014      0x15c ./Drivers/STM32F4xx_HAL_Driver/Src/stm32f4xx_hal_dma.o
                0x08002014                HAL_DMA_Init
 .text.HAL_DMA_IRQHandler
                0x08002170      0x314 ./Drivers/STM32F4xx_HAL_Driver/Src/stm32f4xx_hal_dma.o
                0x08002170                HAL_DMA_IRQHandler
 .text.DMA_CalcBaseAndBitshift
                0x08002484       0x6c ./Drivers/STM32F4xx_HAL_Driver/Src/stm32f4xx_hal_dma.o
 .text.DMA_CheckFifoParam
                0x080024f0       0xf8 ./Drivers/STM32F4xx_HAL_Driver/Src/stm32f4xx_hal_dma.o
 .text.HAL_GPIO_Init
                0x080025e8      0x308 ./Drivers/STM32F4xx_HAL_Driver/Src/stm32f4xx_hal_gpio.o
                0x080025e8                HAL_GPIO_Init
 .text.HAL_GPIO_ReadPin
                0x080028f0       0x30 ./Drivers/STM32F4xx_HAL_Driver/Src/stm32f4xx_hal_gpio.o
                0x080028f0                HAL_GPIO_ReadPin
 .text.HAL_I2C_Init
                0x08002920      0x288 ./Drivers/STM32F4xx_HAL_Driver/Src/stm32f4xx_hal_i2c.o
                0x08002920                HAL_I2C_Init
 .text.HAL_I2C_Master_Transmit
                0x08002ba8      0x1fc ./Drivers/STM32F4xx_HAL_Driver/Src/stm32f4xx_hal_i2c.o
                0x08002ba8                HAL_I2C_Master_Transmit
 .text.I2C_MasterRequestWrite
                0x08002da4      0x104 ./Drivers/STM32F4xx_HAL_Driver/Src/stm32f4xx_hal_i2c.o
 .text.I2C_WaitOnFlagUntilTimeout
                0x08002ea8       0xf4 ./Drivers/STM32F4xx_HAL_Driver/Src/stm32f4xx_hal_i2c.o
 .text.I2C_WaitOnMasterAddressFlagUntilTimeout
                0x08002f9c      0x140 ./Drivers/STM32F4xx_HAL_Driver/Src/stm32f4xx_hal_i2c.o
 .text.I2C_WaitOnTXEFlagUntilTimeout
                0x080030dc       0x90 ./Drivers/STM32F4xx_HAL_Driver/Src/stm32f4xx_hal_i2c.o
 .text.I2C_WaitOnBTFFlagUntilTimeout
                0x0800316c       0x90 ./Drivers/STM32F4xx_HAL_Driver/Src/stm32f4xx_hal_i2c.o
 .text.I2C_IsAcknowledgeFailed
                0x080031fc       0x5e ./Drivers/STM32F4xx_HAL_Driver/Src/stm32f4xx_hal_i2c.o
 .text.HAL_PCD_Init
                0x0800325a      0x21e ./Drivers/STM32F4xx_HAL_Driver/Src/stm32f4xx_hal_pcd.o
                0x0800325a                HAL_PCD_Init
 .text.HAL_PCD_Start
                0x08003478       0x6a ./Drivers/STM32F4xx_HAL_Driver/Src/stm32f4xx_hal_pcd.o
                0x08003478                HAL_PCD_Start
 .text.HAL_PCD_IRQHandler
                0x080034e2      0x942 ./Drivers/STM32F4xx_HAL_Driver/Src/stm32f4xx_hal_pcd.o
                0x080034e2                HAL_PCD_IRQHandler
 .text.HAL_PCD_SetAddress
                0x08003e24       0x48 ./Drivers/STM32F4xx_HAL_Driver/Src/stm32f4xx_hal_pcd.o
                0x08003e24                HAL_PCD_SetAddress
 .text.HAL_PCD_EP_Open
                0x08003e6c       0xd4 ./Drivers/STM32F4xx_HAL_Driver/Src/stm32f4xx_hal_pcd.o
                0x08003e6c                HAL_PCD_EP_Open
 .text.HAL_PCD_EP_Close
                0x08003f40       0x94 ./Drivers/STM32F4xx_HAL_Driver/Src/stm32f4xx_hal_pcd.o
                0x08003f40                HAL_PCD_EP_Close
 .text.HAL_PCD_EP_Receive
                0x08003fd4       0x76 ./Drivers/STM32F4xx_HAL_Driver/Src/stm32f4xx_hal_pcd.o
                0x08003fd4                HAL_PCD_EP_Receive
 .text.HAL_PCD_EP_Transmit
                0x0800404a       0x74 ./Drivers/STM32F4xx_HAL_Driver/Src/stm32f4xx_hal_pcd.o
                0x0800404a                HAL_PCD_EP_Transmit
 .text.HAL_PCD_EP_SetStall
                0x080040be       0xc6 ./Drivers/STM32F4xx_HAL_Driver/Src/stm32f4xx_hal_pcd.o
                0x080040be                HAL_PCD_EP_SetStall
 .text.HAL_PCD_EP_ClrStall
                0x08004184       0xac ./Drivers/STM32F4xx_HAL_Driver/Src/stm32f4xx_hal_pcd.o
                0x08004184                HAL_PCD_EP_ClrStall
 .text.HAL_PCD_EP_Abort
                0x08004230       0x62 ./Drivers/STM32F4xx_HAL_Driver/Src/stm32f4xx_hal_pcd.o
                0x08004230                HAL_PCD_EP_Abort
 .text.PCD_WriteEmptyTxFifo
                0x08004292      0x118 ./Drivers/STM32F4xx_HAL_Driver/Src/stm32f4xx_hal_pcd.o
 *fill*         0x080043aa        0x2 
 .text.PCD_EP_OutXfrComplete_int
                0x080043ac      0x1d0 ./Drivers/STM32F4xx_HAL_Driver/Src/stm32f4xx_hal_pcd.o
 .text.PCD_EP_OutSetupPacket_int
                0x0800457c       0x8c ./Drivers/STM32F4xx_HAL_Driver/Src/stm32f4xx_hal_pcd.o
 .text.HAL_PCDEx_SetTxFiFo
                0x08004608       0x8e ./Drivers/STM32F4xx_HAL_Driver/Src/stm32f4xx_hal_pcd_ex.o
                0x08004608                HAL_PCDEx_SetTxFiFo
 .text.HAL_PCDEx_SetRxFiFo
                0x08004696       0x22 ./Drivers/STM32F4xx_HAL_Driver/Src/stm32f4xx_hal_pcd_ex.o
                0x08004696                HAL_PCDEx_SetRxFiFo
 .text.HAL_PCDEx_LPM_Callback
                0x080046b8       0x18 ./Drivers/STM32F4xx_HAL_Driver/Src/stm32f4xx_hal_pcd_ex.o
                0x080046b8                HAL_PCDEx_LPM_Callback
 .text.HAL_RCC_OscConfig
                0x080046d0      0x4f0 ./Drivers/STM32F4xx_HAL_Driver/Src/stm32f4xx_hal_rcc.o
                0x080046d0                HAL_RCC_OscConfig
 .text.HAL_RCC_ClockConfig
                0x08004bc0      0x1cc ./Drivers/STM32F4xx_HAL_Driver/Src/stm32f4xx_hal_rcc.o
                0x08004bc0                HAL_RCC_ClockConfig
 .text.HAL_RCC_GetSysClockFreq
                0x08004d8c      0x188 ./Drivers/STM32F4xx_HAL_Driver/Src/stm32f4xx_hal_rcc.o
                0x08004d8c                HAL_RCC_GetSysClockFreq
 .text.HAL_RCC_GetHCLKFreq
                0x08004f14       0x18 ./Drivers/STM32F4xx_HAL_Driver/Src/stm32f4xx_hal_rcc.o
                0x08004f14                HAL_RCC_GetHCLKFreq
 .text.HAL_RCC_GetPCLK1Freq
                0x08004f2c       0x28 ./Drivers/STM32F4xx_HAL_Driver/Src/stm32f4xx_hal_rcc.o
                0x08004f2c                HAL_RCC_GetPCLK1Freq
 .text.HAL_TIM_Encoder_Init
                0x08004f54      0x14c ./Drivers/STM32F4xx_HAL_Driver/Src/stm32f4xx_hal_tim.o
                0x08004f54                HAL_TIM_Encoder_Init
 .text.HAL_TIM_Encoder_Start
                0x080050a0      0x11c ./Drivers/STM32F4xx_HAL_Driver/Src/stm32f4xx_hal_tim.o
                0x080050a0                HAL_TIM_Encoder_Start
 .text.TIM_Base_SetConfig
                0x080051bc      0x10c ./Drivers/STM32F4xx_HAL_Driver/Src/stm32f4xx_hal_tim.o
                0x080051bc                TIM_Base_SetConfig
 .text.TIM_CCxChannelCmd
                0x080052c8       0x4a ./Drivers/STM32F4xx_HAL_Driver/Src/stm32f4xx_hal_tim.o
                0x080052c8                TIM_CCxChannelCmd
 *fill*         0x08005312        0x2 
 .text.HAL_TIMEx_MasterConfigSynchronization
                0x08005314       0xdc ./Drivers/STM32F4xx_HAL_Driver/Src/stm32f4xx_hal_tim_ex.o
                0x08005314                HAL_TIMEx_MasterConfigSynchronization
 .text.USB_CoreInit
                0x080053f0       0xc8 ./Drivers/STM32F4xx_HAL_Driver/Src/stm32f4xx_ll_usb.o
                0x080053f0                USB_CoreInit
 .text.USB_SetTurnaroundTime
                0x080054b8      0x144 ./Drivers/STM32F4xx_HAL_Driver/Src/stm32f4xx_ll_usb.o
                0x080054b8                USB_SetTurnaroundTime
 .text.USB_EnableGlobalInt
                0x080055fc       0x22 ./Drivers/STM32F4xx_HAL_Driver/Src/stm32f4xx_ll_usb.o
                0x080055fc                USB_EnableGlobalInt
 .text.USB_DisableGlobalInt
                0x0800561e       0x22 ./Drivers/STM32F4xx_HAL_Driver/Src/stm32f4xx_ll_usb.o
                0x0800561e                USB_DisableGlobalInt
 .text.USB_SetCurrentMode
                0x08005640       0x98 ./Drivers/STM32F4xx_HAL_Driver/Src/stm32f4xx_ll_usb.o
                0x08005640                USB_SetCurrentMode
 .text.USB_DevInit
                0x080056d8      0x2c8 ./Drivers/STM32F4xx_HAL_Driver/Src/stm32f4xx_ll_usb.o
                0x080056d8                USB_DevInit
 .text.USB_FlushTxFifo
                0x080059a0       0x64 ./Drivers/STM32F4xx_HAL_Driver/Src/stm32f4xx_ll_usb.o
                0x080059a0                USB_FlushTxFifo
 .text.USB_FlushRxFifo
                0x08005a04       0x5c ./Drivers/STM32F4xx_HAL_Driver/Src/stm32f4xx_ll_usb.o
                0x08005a04                USB_FlushRxFifo
 .text.USB_SetDevSpeed
                0x08005a60       0x32 ./Drivers/STM32F4xx_HAL_Driver/Src/stm32f4xx_ll_usb.o
                0x08005a60                USB_SetDevSpeed
 .text.USB_GetDevSpeed
                0x08005a92       0x4a ./Drivers/STM32F4xx_HAL_Driver/Src/stm32f4xx_ll_usb.o
                0x08005a92                USB_GetDevSpeed
 .text.USB_ActivateEndpoint
                0x08005adc      0x10e ./Drivers/STM32F4xx_HAL_Driver/Src/stm32f4xx_ll_usb.o
                0x08005adc                USB_ActivateEndpoint
 *fill*         0x08005bea        0x2 
 .text.USB_DeactivateEndpoint
                0x08005bec      0x1b8 ./Drivers/STM32F4xx_HAL_Driver/Src/stm32f4xx_ll_usb.o
                0x08005bec                USB_DeactivateEndpoint
 .text.USB_EPStartXfer
                0x08005da4      0x53c ./Drivers/STM32F4xx_HAL_Driver/Src/stm32f4xx_ll_usb.o
                0x08005da4                USB_EPStartXfer
 .text.USB_EPStopXfer
                0x080062e0      0x154 ./Drivers/STM32F4xx_HAL_Driver/Src/stm32f4xx_ll_usb.o
                0x080062e0                USB_EPStopXfer
 .text.USB_WritePacket
                0x08006434       0x7c ./Drivers/STM32F4xx_HAL_Driver/Src/stm32f4xx_ll_usb.o
                0x08006434                USB_WritePacket
 .text.USB_ReadPacket
                0x080064b0       0xb0 ./Drivers/STM32F4xx_HAL_Driver/Src/stm32f4xx_ll_usb.o
                0x080064b0                USB_ReadPacket
 .text.USB_EPSetStall
                0x08006560       0xdc ./Drivers/STM32F4xx_HAL_Driver/Src/stm32f4xx_ll_usb.o
                0x08006560                USB_EPSetStall
 .text.USB_EPClearStall
                0x0800663c       0xcc ./Drivers/STM32F4xx_HAL_Driver/Src/stm32f4xx_ll_usb.o
                0x0800663c                USB_EPClearStall
 .text.USB_SetDevAddress
                0x08006708       0x4c ./Drivers/STM32F4xx_HAL_Driver/Src/stm32f4xx_ll_usb.o
                0x08006708                USB_SetDevAddress
 .text.USB_DevConnect
                0x08006754       0x42 ./Drivers/STM32F4xx_HAL_Driver/Src/stm32f4xx_ll_usb.o
                0x08006754                USB_DevConnect
 .text.USB_DevDisconnect
                0x08006796       0x42 ./Drivers/STM32F4xx_HAL_Driver/Src/stm32f4xx_ll_usb.o
                0x08006796                USB_DevDisconnect
 .text.USB_ReadInterrupts
                0x080067d8       0x26 ./Drivers/STM32F4xx_HAL_Driver/Src/stm32f4xx_ll_usb.o
                0x080067d8                USB_ReadInterrupts
 .text.USB_ReadDevAllOutEpInterrupt
                0x080067fe       0x34 ./Drivers/STM32F4xx_HAL_Driver/Src/stm32f4xx_ll_usb.o
                0x080067fe                USB_ReadDevAllOutEpInterrupt
 .text.USB_ReadDevAllInEpInterrupt
                0x08006832       0x34 ./Drivers/STM32F4xx_HAL_Driver/Src/stm32f4xx_ll_usb.o
                0x08006832                USB_ReadDevAllInEpInterrupt
 .text.USB_ReadDevOutEPInterrupt
                0x08006866       0x3c ./Drivers/STM32F4xx_HAL_Driver/Src/stm32f4xx_ll_usb.o
                0x08006866                USB_ReadDevOutEPInterrupt
 .text.USB_ReadDevInEPInterrupt
                0x080068a2       0x5c ./Drivers/STM32F4xx_HAL_Driver/Src/stm32f4xx_ll_usb.o
                0x080068a2                USB_ReadDevInEPInterrupt
 .text.USB_GetMode
                0x080068fe       0x1c ./Drivers/STM32F4xx_HAL_Driver/Src/stm32f4xx_ll_usb.o
                0x080068fe                USB_GetMode
 .text.USB_ActivateSetup
                0x0800691a       0x46 ./Drivers/STM32F4xx_HAL_Driver/Src/stm32f4xx_ll_usb.o
                0x0800691a                USB_ActivateSetup
 .text.USB_EP0_OutStart
                0x08006960       0xbc ./Drivers/STM32F4xx_HAL_Driver/Src/stm32f4xx_ll_usb.o
                0x08006960                USB_EP0_OutStart
 .text.USB_CoreReset
                0x08006a1c       0x70 ./Drivers/STM32F4xx_HAL_Driver/Src/stm32f4xx_ll_usb.o
 .text.USBD_MIDI_Init
                0x08006a8c       0x3e ./Middlewares/ST/STM32_USB_Device_Library/Class/CDC/Src/usbd_midi.o
 .text.USBD_MIDI_DeInit
                0x08006aca       0x26 ./Middlewares/ST/STM32_USB_Device_Library/Class/CDC/Src/usbd_midi.o
 .text.USBD_MIDI_DataIn
                0x08006af0       0x1a ./Middlewares/ST/STM32_USB_Device_Library/Class/CDC/Src/usbd_midi.o
 .text.USBD_MIDI_DataOut
                0x08006b0a       0x1a ./Middlewares/ST/STM32_USB_Device_Library/Class/CDC/Src/usbd_midi.o
 .text.USBD_MIDI_GetFSCfgDesc
                0x08006b24       0x20 ./Middlewares/ST/STM32_USB_Device_Library/Class/CDC/Src/usbd_midi.o
 .text.USBD_MIDI_GetDeviceQualifierDescriptor
                0x08006b44       0x20 ./Middlewares/ST/STM32_USB_Device_Library/Class/CDC/Src/usbd_midi.o
 .text.USBD_MIDI_SetTxBuffer
                0x08006b64       0x30 ./Middlewares/ST/STM32_USB_Device_Library/Class/CDC/Src/usbd_midi.o
                0x08006b64                USBD_MIDI_SetTxBuffer
 .text.USBD_MIDI_TransmitPacket
                0x08006b94       0x2c ./Middlewares/ST/STM32_USB_Device_Library/Class/CDC/Src/usbd_midi.o
                0x08006b94                USBD_MIDI_TransmitPacket
 .text.USBD_Init
                0x08006bc0       0x60 ./Middlewares/ST/STM32_USB_Device_Library/Core/Src/usbd_core.o
                0x08006bc0                USBD_Init
 .text.USBD_RegisterClass
                0x08006c20       0x6c ./Middlewares/ST/STM32_USB_Device_Library/Core/Src/usbd_core.o
                0x08006c20                USBD_RegisterClass
 .text.USBD_Start
                0x08006c8c       0x18 ./Middlewares/ST/STM32_USB_Device_Library/Core/Src/usbd_core.o
                0x08006c8c                USBD_Start
 .text.USBD_RunTestMode
                0x08006ca4       0x16 ./Middlewares/ST/STM32_USB_Device_Library/Core/Src/usbd_core.o
                0x08006ca4                USBD_RunTestMode
 .text.USBD_SetClassConfig
                0x08006cba       0x38 ./Middlewares/ST/STM32_USB_Device_Library/Core/Src/usbd_core.o
                0x08006cba                USBD_SetClassConfig
 .text.USBD_ClrClassConfig
                0x08006cf2       0x34 ./Middlewares/ST/STM32_USB_Device_Library/Core/Src/usbd_core.o
                0x08006cf2                USBD_ClrClassConfig
 .text.USBD_LL_SetupStage
                0x08006d26       0xaa ./Middlewares/ST/STM32_USB_Device_Library/Core/Src/usbd_core.o
                0x08006d26                USBD_LL_SetupStage
 .text.USBD_LL_DataOutStage
                0x08006dd0      0x178 ./Middlewares/ST/STM32_USB_Device_Library/Core/Src/usbd_core.o
                0x08006dd0                USBD_LL_DataOutStage
 .text.USBD_LL_DataInStage
                0x08006f48      0x176 ./Middlewares/ST/STM32_USB_Device_Library/Core/Src/usbd_core.o
                0x08006f48                USBD_LL_DataInStage
 .text.USBD_LL_Reset
                0x080070be       0xa6 ./Middlewares/ST/STM32_USB_Device_Library/Core/Src/usbd_core.o
                0x080070be                USBD_LL_Reset
 .text.USBD_LL_SetSpeed
                0x08007164       0x20 ./Middlewares/ST/STM32_USB_Device_Library/Core/Src/usbd_core.o
                0x08007164                USBD_LL_SetSpeed
 .text.USBD_LL_Suspend
                0x08007184       0x38 ./Middlewares/ST/STM32_USB_Device_Library/Core/Src/usbd_core.o
                0x08007184                USBD_LL_Suspend
 .text.USBD_LL_Resume
                0x080071bc       0x30 ./Middlewares/ST/STM32_USB_Device_Library/Core/Src/usbd_core.o
                0x080071bc                USBD_LL_Resume
 .text.USBD_LL_SOF
                0x080071ec       0x40 ./Middlewares/ST/STM32_USB_Device_Library/Core/Src/usbd_core.o
                0x080071ec                USBD_LL_SOF
 .text.USBD_LL_IsoINIncomplete
                0x0800722c       0x64 ./Middlewares/ST/STM32_USB_Device_Library/Core/Src/usbd_core.o
                0x0800722c                USBD_LL_IsoINIncomplete
 .text.USBD_LL_IsoOUTIncomplete
                0x08007290       0x64 ./Middlewares/ST/STM32_USB_Device_Library/Core/Src/usbd_core.o
                0x08007290                USBD_LL_IsoOUTIncomplete
 .text.USBD_LL_DevConnected
                0x080072f4       0x16 ./Middlewares/ST/STM32_USB_Device_Library/Core/Src/usbd_core.o
                0x080072f4                USBD_LL_DevConnected
 .text.USBD_LL_DevDisconnected
                0x0800730a       0x46 ./Middlewares/ST/STM32_USB_Device_Library/Core/Src/usbd_core.o
                0x0800730a                USBD_LL_DevDisconnected
 .text.USBD_CoreFindIF
                0x08007350       0x1a ./Middlewares/ST/STM32_USB_Device_Library/Core/Src/usbd_core.o
                0x08007350                USBD_CoreFindIF
 .text.USBD_CoreFindEP
                0x0800736a       0x1a ./Middlewares/ST/STM32_USB_Device_Library/Core/Src/usbd_core.o
                0x0800736a                USBD_CoreFindEP
 .text.SWAPBYTE
                0x08007384       0x3e ./Middlewares/ST/STM32_USB_Device_Library/Core/Src/usbd_ctlreq.o
 *fill*         0x080073c2        0x2 
 .text.USBD_StdDevReq
                0x080073c4       0xe4 ./Middlewares/ST/STM32_USB_Device_Library/Core/Src/usbd_ctlreq.o
                0x080073c4                USBD_StdDevReq
 .text.USBD_StdItfReq
                0x080074a8       0xd8 ./Middlewares/ST/STM32_USB_Device_Library/Core/Src/usbd_ctlreq.o
                0x080074a8                USBD_StdItfReq
 .text.USBD_StdEPReq
                0x08007580      0x33e ./Middlewares/ST/STM32_USB_Device_Library/Core/Src/usbd_ctlreq.o
                0x08007580                USBD_StdEPReq
 *fill*         0x080078be        0x2 
 .text.USBD_GetDescriptor
                0x080078c0      0x2d4 ./Middlewares/ST/STM32_USB_Device_Library/Core/Src/usbd_ctlreq.o
 .text.USBD_SetAddress
                0x08007b94       0x88 ./Middlewares/ST/STM32_USB_Device_Library/Core/Src/usbd_ctlreq.o
 .text.USBD_SetConfig
                0x08007c1c      0x154 ./Middlewares/ST/STM32_USB_Device_Library/Core/Src/usbd_ctlreq.o
 .text.USBD_GetConfig
                0x08007d70       0x6c ./Middlewares/ST/STM32_USB_Device_Library/Core/Src/usbd_ctlreq.o
 .text.USBD_GetStatus
                0x08007ddc       0x68 ./Middlewares/ST/STM32_USB_Device_Library/Core/Src/usbd_ctlreq.o
 .text.USBD_SetFeature
                0x08007e44       0x52 ./Middlewares/ST/STM32_USB_Device_Library/Core/Src/usbd_ctlreq.o
 .text.USBD_ClrFeature
                0x08007e96       0x44 ./Middlewares/ST/STM32_USB_Device_Library/Core/Src/usbd_ctlreq.o
 .text.USBD_ParseSetupRequest
                0x08007eda       0x74 ./Middlewares/ST/STM32_USB_Device_Library/Core/Src/usbd_ctlreq.o
                0x08007eda                USBD_ParseSetupRequest
 .text.USBD_CtlError
                0x08007f4e       0x22 ./Middlewares/ST/STM32_USB_Device_Library/Core/Src/usbd_ctlreq.o
                0x08007f4e                USBD_CtlError
 .text.USBD_GetString
                0x08007f70       0xa4 ./Middlewares/ST/STM32_USB_Device_Library/Core/Src/usbd_ctlreq.o
                0x08007f70                USBD_GetString
 .text.USBD_GetLen
                0x08008014       0x34 ./Middlewares/ST/STM32_USB_Device_Library/Core/Src/usbd_ctlreq.o
 .text.USBD_CtlSendData
                0x08008048       0x3c ./Middlewares/ST/STM32_USB_Device_Library/Core/Src/usbd_ioreq.o
                0x08008048                USBD_CtlSendData
 .text.USBD_CtlContinueSendData
                0x08008084       0x22 ./Middlewares/ST/STM32_USB_Device_Library/Core/Src/usbd_ioreq.o
                0x08008084                USBD_CtlContinueSendData
 .text.USBD_CtlContinueRx
                0x080080a6       0x22 ./Middlewares/ST/STM32_USB_Device_Library/Core/Src/usbd_ioreq.o
                0x080080a6                USBD_CtlContinueRx
 .text.USBD_CtlSendStatus
                0x080080c8       0x26 ./Middlewares/ST/STM32_USB_Device_Library/Core/Src/usbd_ioreq.o
                0x080080c8                USBD_CtlSendStatus
 .text.USBD_CtlReceiveStatus
                0x080080ee       0x26 ./Middlewares/ST/STM32_USB_Device_Library/Core/Src/usbd_ioreq.o
                0x080080ee                USBD_CtlReceiveStatus
 .text.MX_USB_DEVICE_Init
                0x08008114       0x4c ./USB_DEVICE/App/usb_device.o
                0x08008114                MX_USB_DEVICE_Init
 .text.USBD_FS_DeviceDescriptor
                0x08008160       0x24 ./USB_DEVICE/App/usbd_desc.o
                0x08008160                USBD_FS_DeviceDescriptor
 .text.USBD_FS_LangIDStrDescriptor
                0x08008184       0x24 ./USB_DEVICE/App/usbd_desc.o
                0x08008184                USBD_FS_LangIDStrDescriptor
 .text.USBD_FS_ProductStrDescriptor
                0x080081a8       0x3c ./USB_DEVICE/App/usbd_desc.o
                0x080081a8                USBD_FS_ProductStrDescriptor
 .text.USBD_FS_ManufacturerStrDescriptor
                0x080081e4       0x28 ./USB_DEVICE/App/usbd_desc.o
                0x080081e4                USBD_FS_ManufacturerStrDescriptor
 .text.USBD_FS_SerialStrDescriptor
                0x0800820c       0x24 ./USB_DEVICE/App/usbd_desc.o
                0x0800820c                USBD_FS_SerialStrDescriptor
 .text.USBD_FS_ConfigStrDescriptor
                0x08008230       0x3c ./USB_DEVICE/App/usbd_desc.o
                0x08008230                USBD_FS_ConfigStrDescriptor
 .text.USBD_FS_InterfaceStrDescriptor
                0x0800826c       0x3c ./USB_DEVICE/App/usbd_desc.o
                0x0800826c                USBD_FS_InterfaceStrDescriptor
 .text.Get_SerialNum
                0x080082a8       0x58 ./USB_DEVICE/App/usbd_desc.o
 .text.IntToUnicode
                0x08008300       0x7e ./USB_DEVICE/App/usbd_desc.o
 *fill*         0x0800837e        0x2 
 .text.HAL_PCD_MspInit
                0x08008380       0xa8 ./USB_DEVICE/Target/usbd_conf.o
                0x08008380                HAL_PCD_MspInit
 .text.HAL_PCD_SetupStageCallback
                0x08008428       0x24 ./USB_DEVICE/Target/usbd_conf.o
                0x08008428                HAL_PCD_SetupStageCallback
 .text.HAL_PCD_DataOutStageCallback
                0x0800844c       0x36 ./USB_DEVICE/Target/usbd_conf.o
                0x0800844c                HAL_PCD_DataOutStageCallback
 .text.HAL_PCD_DataInStageCallback
                0x08008482       0x34 ./USB_DEVICE/Target/usbd_conf.o
                0x08008482                HAL_PCD_DataInStageCallback
 .text.HAL_PCD_SOFCallback
                0x080084b6       0x1c ./USB_DEVICE/Target/usbd_conf.o
                0x080084b6                HAL_PCD_SOFCallback
 .text.HAL_PCD_ResetCallback
                0x080084d2       0x3c ./USB_DEVICE/Target/usbd_conf.o
                0x080084d2                HAL_PCD_ResetCallback
 *fill*         0x0800850e        0x2 
 .text.HAL_PCD_SuspendCallback
                0x08008510       0x4c ./USB_DEVICE/Target/usbd_conf.o
                0x08008510                HAL_PCD_SuspendCallback
 .text.HAL_PCD_ResumeCallback
                0x0800855c       0x1c ./USB_DEVICE/Target/usbd_conf.o
                0x0800855c                HAL_PCD_ResumeCallback
 .text.HAL_PCD_ISOOUTIncompleteCallback
                0x08008578       0x24 ./USB_DEVICE/Target/usbd_conf.o
                0x08008578                HAL_PCD_ISOOUTIncompleteCallback
 .text.HAL_PCD_ISOINIncompleteCallback
                0x0800859c       0x24 ./USB_DEVICE/Target/usbd_conf.o
                0x0800859c                HAL_PCD_ISOINIncompleteCallback
 .text.HAL_PCD_ConnectCallback
                0x080085c0       0x1c ./USB_DEVICE/Target/usbd_conf.o
                0x080085c0                HAL_PCD_ConnectCallback
 .text.HAL_PCD_DisconnectCallback
                0x080085dc       0x1c ./USB_DEVICE/Target/usbd_conf.o
                0x080085dc                HAL_PCD_DisconnectCallback
 .text.USBD_LL_Init
                0x080085f8       0x98 ./USB_DEVICE/Target/usbd_conf.o
                0x080085f8                USBD_LL_Init
 .text.USBD_LL_Start
                0x08008690       0x36 ./USB_DEVICE/Target/usbd_conf.o
                0x08008690                USBD_LL_Start
 .text.USBD_LL_OpenEP
                0x080086c6       0x4c ./USB_DEVICE/Target/usbd_conf.o
                0x080086c6                USBD_LL_OpenEP
 .text.USBD_LL_CloseEP
                0x08008712       0x3e ./USB_DEVICE/Target/usbd_conf.o
                0x08008712                USBD_LL_CloseEP
 .text.USBD_LL_StallEP
                0x08008750       0x3e ./USB_DEVICE/Target/usbd_conf.o
                0x08008750                USBD_LL_StallEP
 .text.USBD_LL_ClearStallEP
                0x0800878e       0x3e ./USB_DEVICE/Target/usbd_conf.o
                0x0800878e                USBD_LL_ClearStallEP
 .text.USBD_LL_IsStallEP
                0x080087cc       0x58 ./USB_DEVICE/Target/usbd_conf.o
                0x080087cc                USBD_LL_IsStallEP
 .text.USBD_LL_SetUSBAddress
                0x08008824       0x3e ./USB_DEVICE/Target/usbd_conf.o
                0x08008824                USBD_LL_SetUSBAddress
 .text.USBD_LL_Transmit
                0x08008862       0x42 ./USB_DEVICE/Target/usbd_conf.o
                0x08008862                USBD_LL_Transmit
 .text.USBD_LL_PrepareReceive
                0x080088a4       0x42 ./USB_DEVICE/Target/usbd_conf.o
                0x080088a4                USBD_LL_PrepareReceive
 *fill*         0x080088e6        0x2 
 .text.USBD_Get_USB_Status
                0x080088e8       0x58 ./USB_DEVICE/Target/usbd_conf.o
                0x080088e8                USBD_Get_USB_Status
 .text.memset   0x08008940       0x10 C:/ST/STM32CubeIDE_2.1.1/STM32CubeIDE/plugins/com.st.stm32cube.ide.mcu.externaltools.gnu-tools-for-stm32.14.3.rel1.win32_1.0.100.202602081740/tools/bin/../lib/gcc/arm-none-eabi/14.3.1/../../../../arm-none-eabi/lib/thumb/v7e-m+fp/hard\libc_nano.a(libc_a-memset.o)
                0x08008940                memset
 .text.__libc_init_array
                0x08008950       0x48 C:/ST/STM32CubeIDE_2.1.1/STM32CubeIDE/plugins/com.st.stm32cube.ide.mcu.externaltools.gnu-tools-for-stm32.14.3.rel1.win32_1.0.100.202602081740/tools/bin/../lib/gcc/arm-none-eabi/14.3.1/../../../../arm-none-eabi/lib/thumb/v7e-m+fp/hard\libc_nano.a(libc_a-init.o)
                0x08008950                __libc_init_array
 *(.glue_7)
 .glue_7        0x08008998        0x0 linker stubs
 *(.glue_7t)
 .glue_7t       0x08008998        0x0 linker stubs
 *(.eh_frame)
 .eh_frame      0x08008998        0x0 C:/ST/STM32CubeIDE_2.1.1/STM32CubeIDE/plugins/com.st.stm32cube.ide.mcu.externaltools.gnu-tools-for-stm32.14.3.rel1.win32_1.0.100.202602081740/tools/bin/../lib/gcc/arm-none-eabi/14.3.1/thumb/v7e-m+fp/hard/crtbegin.o
 *(.init)
 .init          0x08008998        0x4 C:/ST/STM32CubeIDE_2.1.1/STM32CubeIDE/plugins/com.st.stm32cube.ide.mcu.externaltools.gnu-tools-for-stm32.14.3.rel1.win32_1.0.100.202602081740/tools/bin/../lib/gcc/arm-none-eabi/14.3.1/thumb/v7e-m+fp/hard/crti.o
                0x08008998                _init
 .init          0x0800899c        0x8 C:/ST/STM32CubeIDE_2.1.1/STM32CubeIDE/plugins/com.st.stm32cube.ide.mcu.externaltools.gnu-tools-for-stm32.14.3.rel1.win32_1.0.100.202602081740/tools/bin/../lib/gcc/arm-none-eabi/14.3.1/thumb/v7e-m+fp/hard/crtn.o
 *(.fini)
 .fini          0x080089a4        0x4 C:/ST/STM32CubeIDE_2.1.1/STM32CubeIDE/plugins/com.st.stm32cube.ide.mcu.externaltools.gnu-tools-for-stm32.14.3.rel1.win32_1.0.100.202602081740/tools/bin/../lib/gcc/arm-none-eabi/14.3.1/thumb/v7e-m+fp/hard/crti.o
                0x080089a4                _fini
 .fini          0x080089a8        0x8 C:/ST/STM32CubeIDE_2.1.1/STM32CubeIDE/plugins/com.st.stm32cube.ide.mcu.externaltools.gnu-tools-for-stm32.14.3.rel1.win32_1.0.100.202602081740/tools/bin/../lib/gcc/arm-none-eabi/14.3.1/thumb/v7e-m+fp/hard/crtn.o
                0x080089b0                        . = ALIGN (0x4)
                0x080089b0                        _etext = .

.vfp11_veneer   0x080089b0        0x0
 .vfp11_veneer  0x080089b0        0x0 linker stubs

.v4_bx          0x080089b0        0x0
 .v4_bx         0x080089b0        0x0 linker stubs

.iplt           0x080089b0        0x0
 .iplt          0x080089b0        0x0 C:/ST/STM32CubeIDE_2.1.1/STM32CubeIDE/plugins/com.st.stm32cube.ide.mcu.externaltools.gnu-tools-for-stm32.14.3.rel1.win32_1.0.100.202602081740/tools/bin/../lib/gcc/arm-none-eabi/14.3.1/thumb/v7e-m+fp/hard/crtbegin.o

.rodata         0x080089b0       0x8c
                0x080089b0                        . = ALIGN (0x4)
 *(.rodata)
 .rodata        0x080089b0       0x38 ./Core/Src/main.o
 .rodata        0x080089e8       0x32 ./USB_DEVICE/App/usbd_desc.o
 *(.rodata*)
 *fill*         0x08008a1a        0x2 
 .rodata.AHBPrescTable
                0x08008a1c       0x10 ./Core/Src/system_stm32f4xx.o
                0x08008a1c                AHBPrescTable
 .rodata.APBPrescTable
                0x08008a2c        0x8 ./Core/Src/system_stm32f4xx.o
                0x08008a2c                APBPrescTable
 .rodata.flagBitshiftOffset.0
                0x08008a34        0x8 ./Drivers/STM32F4xx_HAL_Driver/Src/stm32f4xx_hal_dma.o
                0x08008a3c                        . = ALIGN (0x4)

.ARM.extab      0x08008a3c        0x0
                0x08008a3c                        . = ALIGN (0x4)
 *(.ARM.extab* .gnu.linkonce.armextab.*)
                0x08008a3c                        . = ALIGN (0x4)

.ARM            0x08008a3c        0x8
                0x08008a3c                        . = ALIGN (0x4)
                0x08008a3c                        __exidx_start = .
 *(.ARM.exidx*)
 .ARM.exidx     0x08008a3c        0x8 C:/ST/STM32CubeIDE_2.1.1/STM32CubeIDE/plugins/com.st.stm32cube.ide.mcu.externaltools.gnu-tools-for-stm32.14.3.rel1.win32_1.0.100.202602081740/tools/bin/../lib/gcc/arm-none-eabi/14.3.1/thumb/v7e-m+fp/hard\libgcc.a(_udivmoddi4.o)
                0x08008a44                        __exidx_end = .
                0x08008a44                        . = ALIGN (0x4)

.preinit_array  0x08008a44        0x0
                0x08008a44                        . = ALIGN (0x4)
                0x08008a44                        PROVIDE (__preinit_array_start = .)
 *(.preinit_array*)
                0x08008a44                        PROVIDE (__preinit_array_end = .)
                0x08008a44                        . = ALIGN (0x4)

.init_array     0x08008a44        0x4
                0x08008a44                        . = ALIGN (0x4)
                0x08008a44                        PROVIDE (__init_array_start = .)
 *(SORT_BY_NAME(.init_array.*))
 *(.init_array*)
 .init_array    0x08008a44        0x4 C:/ST/STM32CubeIDE_2.1.1/STM32CubeIDE/plugins/com.st.stm32cube.ide.mcu.externaltools.gnu-tools-for-stm32.14.3.rel1.win32_1.0.100.202602081740/tools/bin/../lib/gcc/arm-none-eabi/14.3.1/thumb/v7e-m+fp/hard/crtbegin.o
                0x08008a48                        PROVIDE (__init_array_end = .)
                0x08008a48                        . = ALIGN (0x4)

.fini_array     0x08008a48        0x4
                0x08008a48                        . = ALIGN (0x4)
                [!provide]                        PROVIDE (__fini_array_start = .)
 *(SORT_BY_NAME(.fini_array.*))
 *(.fini_array*)
 .fini_array    0x08008a48        0x4 C:/ST/STM32CubeIDE_2.1.1/STM32CubeIDE/plugins/com.st.stm32cube.ide.mcu.externaltools.gnu-tools-for-stm32.14.3.rel1.win32_1.0.100.202602081740/tools/bin/../lib/gcc/arm-none-eabi/14.3.1/thumb/v7e-m+fp/hard/crtbegin.o
                [!provide]                        PROVIDE (__fini_array_end = .)
                0x08008a4c                        . = ALIGN (0x4)
                0x08008a4c                        _sidata = LOADADDR (.data)

.rel.dyn        0x08008a4c        0x0
 .rel.iplt      0x08008a4c        0x0 C:/ST/STM32CubeIDE_2.1.1/STM32CubeIDE/plugins/com.st.stm32cube.ide.mcu.externaltools.gnu-tools-for-stm32.14.3.rel1.win32_1.0.100.202602081740/tools/bin/../lib/gcc/arm-none-eabi/14.3.1/thumb/v7e-m+fp/hard/crtbegin.o

.data           0x20000000      0x118 load address 0x08008a4c
                0x20000000                        . = ALIGN (0x4)
                0x20000000                        _sdata = .
 *(.data)
 *(.data*)
 .data.last_pitch_sent
                0x20000000        0x4 ./Core/Src/main.o
                0x20000000                last_pitch_sent
 .data.last_play_state
                0x20000004        0x1 ./Core/Src/main.o
 .data.last_cue_state
                0x20000005        0x1 ./Core/Src/main.o
 .data.last_track_plus_state
                0x20000006        0x1 ./Core/Src/main.o
 .data.last_track_minus_state
                0x20000007        0x1 ./Core/Src/main.o
 .data.last_search_plus_state
                0x20000008        0x1 ./Core/Src/main.o
 .data.last_search_minus_state
                0x20000009        0x1 ./Core/Src/main.o
 .data.last_mt_state
                0x2000000a        0x1 ./Core/Src/main.o
 .data.last_eject_state
                0x2000000b        0x1 ./Core/Src/main.o
 .data.last_tempo_state
                0x2000000c        0x1 ./Core/Src/main.o
 .data.last_wah_state
                0x2000000d        0x1 ./Core/Src/main.o
 .data.last_zip_state
                0x2000000e        0x1 ./Core/Src/main.o
 .data.last_jet_state
                0x2000000f        0x1 ./Core/Src/main.o
 .data.SystemCoreClock
                0x20000010        0x4 ./Core/Src/system_stm32f4xx.o
                0x20000010                SystemCoreClock
 .data.uwTickPrio
                0x20000014        0x4 ./Drivers/STM32F4xx_HAL_Driver/Src/stm32f4xx_hal.o
                0x20000014                uwTickPrio
 .data.uwTickFreq
                0x20000018        0x1 ./Drivers/STM32F4xx_HAL_Driver/Src/stm32f4xx_hal.o
                0x20000018                uwTickFreq
 *fill*         0x20000019        0x3 
 .data.USBD_MIDI_CfgDesc
                0x2000001c       0x65 ./Middlewares/ST/STM32_USB_Device_Library/Class/CDC/Src/usbd_midi.o
 *fill*         0x20000081        0x3 
 .data.USBD_MIDI
                0x20000084       0x38 ./Middlewares/ST/STM32_USB_Device_Library/Class/CDC/Src/usbd_midi.o
                0x20000084                USBD_MIDI
 .data.USBD_MIDI_DeviceQualifierDesc
                0x200000bc        0xa ./Middlewares/ST/STM32_USB_Device_Library/Class/CDC/Src/usbd_midi.o
 *fill*         0x200000c6        0x2 
 .data.FS_Desc  0x200000c8       0x1c ./USB_DEVICE/App/usbd_desc.o
                0x200000c8                FS_Desc
 .data.USBD_FS_DeviceDesc
                0x200000e4       0x12 ./USB_DEVICE/App/usbd_desc.o
                0x200000e4                USBD_FS_DeviceDesc
 *fill*         0x200000f6        0x2 
 .data.USBD_LangIDDesc
                0x200000f8        0x4 ./USB_DEVICE/App/usbd_desc.o
                0x200000f8                USBD_LangIDDesc
 .data.USBD_StringSerial
                0x200000fc       0x1a ./USB_DEVICE/App/usbd_desc.o
                0x200000fc                USBD_StringSerial
 *(.RamFunc)
 *(.RamFunc*)
                0x20000118                        . = ALIGN (0x4)
 *fill*         0x20000116        0x2 
                0x20000118                        _edata = .

.igot.plt       0x20000118        0x0 load address 0x08008b64
 .igot.plt      0x20000118        0x0 C:/ST/STM32CubeIDE_2.1.1/STM32CubeIDE/plugins/com.st.stm32cube.ide.mcu.externaltools.gnu-tools-for-stm32.14.3.rel1.win32_1.0.100.202602081740/tools/bin/../lib/gcc/arm-none-eabi/14.3.1/thumb/v7e-m+fp/hard/crtbegin.o
                0x20000118                        . = ALIGN (0x4)

.bss            0x20000118      0xb7c load address 0x08008b64
                0x20000118                        _sbss = .
                0x20000118                        __bss_start__ = _sbss
 *(.bss)
 .bss           0x20000118       0x1c C:/ST/STM32CubeIDE_2.1.1/STM32CubeIDE/plugins/com.st.stm32cube.ide.mcu.externaltools.gnu-tools-for-stm32.14.3.rel1.win32_1.0.100.202602081740/tools/bin/../lib/gcc/arm-none-eabi/14.3.1/thumb/v7e-m+fp/hard/crtbegin.o
 *(.bss*)
 .bss.hadc1     0x20000134       0x48 ./Core/Src/adc.o
                0x20000134                hadc1
 .bss.hdma_adc1
                0x2000017c       0x60 ./Core/Src/adc.o
                0x2000017c                hdma_adc1
 .bss.hi2c1     0x200001dc       0x54 ./Core/Src/i2c.o
                0x200001dc                hi2c1
 .bss.adc_value
                0x20000230        0x4 ./Core/Src/main.o
                0x20000230                adc_value
 .bss.pitch_filtered
                0x20000234        0x4 ./Core/Src/main.o
                0x20000234                pitch_filtered
 .bss.last_encoder
                0x20000238        0x4 ./Core/Src/main.o
                0x20000238                last_encoder
 .bss.last_play_time
                0x2000023c        0x4 ./Core/Src/main.o
 .bss.last_cue_time
                0x20000240        0x4 ./Core/Src/main.o
 .bss.last_track_plus_time
                0x20000244        0x4 ./Core/Src/main.o
 .bss.last_track_minus_time
                0x20000248        0x4 ./Core/Src/main.o
 .bss.last_search_plus_time
                0x2000024c        0x4 ./Core/Src/main.o
 .bss.last_search_minus_time
                0x20000250        0x4 ./Core/Src/main.o
 .bss.last_mt_time
                0x20000254        0x4 ./Core/Src/main.o
 .bss.last_eject_time
                0x20000258        0x4 ./Core/Src/main.o
 .bss.last_tempo_time
                0x2000025c        0x4 ./Core/Src/main.o
 .bss.current_deck
                0x20000260        0x1 ./Core/Src/main.o
                0x20000260                current_deck
 .bss.hold_pressed
                0x20000261        0x1 ./Core/Src/main.o
 *fill*         0x20000262        0x2 
 .bss.hold_press_start
                0x20000264        0x4 ./Core/Src/main.o
 .bss.hold_longpress_done
                0x20000268        0x1 ./Core/Src/main.o
 *fill*         0x20000269        0x3 
 .bss.last_wah_time
                0x2000026c        0x4 ./Core/Src/main.o
 .bss.last_zip_time
                0x20000270        0x4 ./Core/Src/main.o
 .bss.last_jet_time
                0x20000274        0x4 ./Core/Src/main.o
 .bss.last_pitch_time.0
                0x20000278        0x4 ./Core/Src/main.o
 .bss.htim3     0x2000027c       0x48 ./Core/Src/tim.o
                0x2000027c                htim3
 .bss.uwTick    0x200002c4        0x4 ./Drivers/STM32F4xx_HAL_Driver/Src/stm32f4xx_hal.o
                0x200002c4                uwTick
 .bss.txBuffer  0x200002c8        0x4 ./Middlewares/ST/STM32_USB_Device_Library/Class/CDC/Src/usbd_midi.o
 .bss.txLength  0x200002cc        0x4 ./Middlewares/ST/STM32_USB_Device_Library/Class/CDC/Src/usbd_midi.o
 .bss.cfgidx.0  0x200002d0        0x1 ./Middlewares/ST/STM32_USB_Device_Library/Core/Src/usbd_ctlreq.o
 *fill*         0x200002d1        0x3 
 .bss.hUsbDeviceFS
                0x200002d4      0x2dc ./USB_DEVICE/App/usb_device.o
                0x200002d4                hUsbDeviceFS
 .bss.USBD_StrDesc
                0x200005b0      0x200 ./USB_DEVICE/App/usbd_desc.o
                0x200005b0                USBD_StrDesc
 .bss.hpcd_USB_OTG_FS
                0x200007b0      0x4e4 ./USB_DEVICE/Target/usbd_conf.o
                0x200007b0                hpcd_USB_OTG_FS
 *(COMMON)
                0x20000c94                        . = ALIGN (0x4)
                0x20000c94                        _ebss = .
                0x20000c94                        __bss_end__ = _ebss

._user_heap_stack
                0x20000c94      0x604 load address 0x08008b64
                0x20000c98                        . = ALIGN (0x8)
 *fill*         0x20000c94        0x4 
                [!provide]                        PROVIDE (end = .)
                0x20000c98                        PROVIDE (_end = .)
                0x20000e98                        . = (. + _Min_Heap_Size)
 *fill*         0x20000c98      0x200 
                0x20001298                        . = (. + _Min_Stack_Size)
 *fill*         0x20000e98      0x400 
                0x20001298                        . = ALIGN (0x8)

/DISCARD/
 libc.a(*)
 libm.a(*)
 libgcc.a(*)

.ARM.attributes
                0x00000000       0x30
 *(.ARM.attributes)
 .ARM.attributes
                0x00000000       0x22 C:/ST/STM32CubeIDE_2.1.1/STM32CubeIDE/plugins/com.st.stm32cube.ide.mcu.externaltools.gnu-tools-for-stm32.14.3.rel1.win32_1.0.100.202602081740/tools/bin/../lib/gcc/arm-none-eabi/14.3.1/thumb/v7e-m+fp/hard/crti.o
 .ARM.attributes
                0x00000022       0x34 C:/ST/STM32CubeIDE_2.1.1/STM32CubeIDE/plugins/com.st.stm32cube.ide.mcu.externaltools.gnu-tools-for-stm32.14.3.rel1.win32_1.0.100.202602081740/tools/bin/../lib/gcc/arm-none-eabi/14.3.1/thumb/v7e-m+fp/hard/crtbegin.o
 .ARM.attributes
                0x00000056       0x34 ./Core/Src/adc.o
 .ARM.attributes
                0x0000008a       0x34 ./Core/Src/dma.o
 .ARM.attributes
                0x000000be       0x34 ./Core/Src/gpio.o
 .ARM.attributes
                0x000000f2       0x34 ./Core/Src/i2c.o
 .ARM.attributes
                0x00000126       0x34 ./Core/Src/lcd_i2c.o
 .ARM.attributes
                0x0000015a       0x34 ./Core/Src/main.o
 .ARM.attributes
                0x0000018e       0x34 ./Core/Src/stm32f4xx_hal_msp.o
 .ARM.attributes
                0x000001c2       0x34 ./Core/Src/stm32f4xx_it.o
 .ARM.attributes
                0x000001f6       0x34 ./Core/Src/system_stm32f4xx.o
 .ARM.attributes
                0x0000022a       0x34 ./Core/Src/tim.o
 .ARM.attributes
                0x0000025e       0x21 ./Core/Startup/startup_stm32f401ccux.o
 .ARM.attributes
                0x0000027f       0x34 ./Drivers/STM32F4xx_HAL_Driver/Src/stm32f4xx_hal.o
 .ARM.attributes
                0x000002b3       0x34 ./Drivers/STM32F4xx_HAL_Driver/Src/stm32f4xx_hal_adc.o
 .ARM.attributes
                0x000002e7       0x34 ./Drivers/STM32F4xx_HAL_Driver/Src/stm32f4xx_hal_cortex.o
 .ARM.attributes
                0x0000031b       0x34 ./Drivers/STM32F4xx_HAL_Driver/Src/stm32f4xx_hal_dma.o
 .ARM.attributes
                0x0000034f       0x34 ./Drivers/STM32F4xx_HAL_Driver/Src/stm32f4xx_hal_gpio.o
 .ARM.attributes
                0x00000383       0x34 ./Drivers/STM32F4xx_HAL_Driver/Src/stm32f4xx_hal_i2c.o
 .ARM.attributes
                0x000003b7       0x34 ./Drivers/STM32F4xx_HAL_Driver/Src/stm32f4xx_hal_pcd.o
 .ARM.attributes
                0x000003eb       0x34 ./Drivers/STM32F4xx_HAL_Driver/Src/stm32f4xx_hal_pcd_ex.o
 .ARM.attributes
                0x0000041f       0x34 ./Drivers/STM32F4xx_HAL_Driver/Src/stm32f4xx_hal_rcc.o
 .ARM.attributes
                0x00000453       0x34 ./Drivers/STM32F4xx_HAL_Driver/Src/stm32f4xx_hal_tim.o
 .ARM.attributes
                0x00000487       0x34 ./Drivers/STM32F4xx_HAL_Driver/Src/stm32f4xx_hal_tim_ex.o
 .ARM.attributes
                0x000004bb       0x34 ./Drivers/STM32F4xx_HAL_Driver/Src/stm32f4xx_ll_usb.o
 .ARM.attributes
                0x000004ef       0x34 ./Middlewares/ST/STM32_USB_Device_Library/Class/CDC/Src/usbd_midi.o
 .ARM.attributes
                0x00000523       0x34 ./Middlewares/ST/STM32_USB_Device_Library/Core/Src/usbd_core.o
 .ARM.attributes
                0x00000557       0x34 ./Middlewares/ST/STM32_USB_Device_Library/Core/Src/usbd_ctlreq.o
 .ARM.attributes
                0x0000058b       0x34 ./Middlewares/ST/STM32_USB_Device_Library/Core/Src/usbd_ioreq.o
 .ARM.attributes
                0x000005bf       0x34 ./USB_DEVICE/App/usb_device.o
 .ARM.attributes
                0x000005f3       0x34 ./USB_DEVICE/App/usbd_desc.o
 .ARM.attributes
                0x00000627       0x34 ./USB_DEVICE/Target/usbd_conf.o
 .ARM.attributes
                0x0000065b       0x34 C:/ST/STM32CubeIDE_2.1.1/STM32CubeIDE/plugins/com.st.stm32cube.ide.mcu.externaltools.gnu-tools-for-stm32.14.3.rel1.win32_1.0.100.202602081740/tools/bin/../lib/gcc/arm-none-eabi/14.3.1/../../../../arm-none-eabi/lib/thumb/v7e-m+fp/hard\libc_nano.a(libc_a-memset.o)
 .ARM.attributes
                0x0000068f       0x34 C:/ST/STM32CubeIDE_2.1.1/STM32CubeIDE/plugins/com.st.stm32cube.ide.mcu.externaltools.gnu-tools-for-stm32.14.3.rel1.win32_1.0.100.202602081740/tools/bin/../lib/gcc/arm-none-eabi/14.3.1/../../../../arm-none-eabi/lib/thumb/v7e-m+fp/hard\libc_nano.a(libc_a-init.o)
 .ARM.attributes
                0x000006c3       0x22 C:/ST/STM32CubeIDE_2.1.1/STM32CubeIDE/plugins/com.st.stm32cube.ide.mcu.externaltools.gnu-tools-for-stm32.14.3.rel1.win32_1.0.100.202602081740/tools/bin/../lib/gcc/arm-none-eabi/14.3.1/thumb/v7e-m+fp/hard\libgcc.a(_aeabi_uldivmod.o)
 .ARM.attributes
                0x000006e5       0x34 C:/ST/STM32CubeIDE_2.1.1/STM32CubeIDE/plugins/com.st.stm32cube.ide.mcu.externaltools.gnu-tools-for-stm32.14.3.rel1.win32_1.0.100.202602081740/tools/bin/../lib/gcc/arm-none-eabi/14.3.1/thumb/v7e-m+fp/hard\libgcc.a(_udivmoddi4.o)
 .ARM.attributes
                0x00000719       0x22 C:/ST/STM32CubeIDE_2.1.1/STM32CubeIDE/plugins/com.st.stm32cube.ide.mcu.externaltools.gnu-tools-for-stm32.14.3.rel1.win32_1.0.100.202602081740/tools/bin/../lib/gcc/arm-none-eabi/14.3.1/thumb/v7e-m+fp/hard\libgcc.a(_dvmd_tls.o)
 .ARM.attributes
                0x0000073b       0x22 C:/ST/STM32CubeIDE_2.1.1/STM32CubeIDE/plugins/com.st.stm32cube.ide.mcu.externaltools.gnu-tools-for-stm32.14.3.rel1.win32_1.0.100.202602081740/tools/bin/../lib/gcc/arm-none-eabi/14.3.1/thumb/v7e-m+fp/hard/crtn.o
OUTPUT(cdj_deividi1.elf elf32-littlearm)
LOAD linker stubs
LOAD C:/ST/STM32CubeIDE_2.1.1/STM32CubeIDE/plugins/com.st.stm32cube.ide.mcu.externaltools.gnu-tools-for-stm32.14.3.rel1.win32_1.0.100.202602081740/tools/bin/../lib/gcc/arm-none-eabi/14.3.1/../../../../arm-none-eabi/lib/thumb/v7e-m+fp/hard\libc.a
LOAD C:/ST/STM32CubeIDE_2.1.1/STM32CubeIDE/plugins/com.st.stm32cube.ide.mcu.externaltools.gnu-tools-for-stm32.14.3.rel1.win32_1.0.100.202602081740/tools/bin/../lib/gcc/arm-none-eabi/14.3.1/../../../../arm-none-eabi/lib/thumb/v7e-m+fp/hard\libm.a
LOAD C:/ST/STM32CubeIDE_2.1.1/STM32CubeIDE/plugins/com.st.stm32cube.ide.mcu.externaltools.gnu-tools-for-stm32.14.3.rel1.win32_1.0.100.202602081740/tools/bin/../lib/gcc/arm-none-eabi/14.3.1/thumb/v7e-m+fp/hard\libgcc.a

.debug_info     0x00000000    0x17c20
 .debug_info    0x00000000      0xa06 ./Core/Src/adc.o
 .debug_info    0x00000a06      0x43f ./Core/Src/dma.o
 .debug_info    0x00000e45      0x3d6 ./Core/Src/gpio.o
 .debug_info    0x0000121b      0x9a5 ./Core/Src/i2c.o
 .debug_info    0x00001bc0      0x770 ./Core/Src/lcd_i2c.o
 .debug_info    0x00002330     0x1a55 ./Core/Src/main.o
 .debug_info    0x00003d85      0x291 ./Core/Src/stm32f4xx_hal_msp.o
 .debug_info    0x00004016      0x897 ./Core/Src/stm32f4xx_it.o
 .debug_info    0x000048ad      0x53e ./Core/Src/system_stm32f4xx.o
 .debug_info    0x00004deb      0xb71 ./Core/Src/tim.o
 .debug_info    0x0000595c       0x30 ./Core/Startup/startup_stm32f401ccux.o
 .debug_info    0x0000598c      0x8bb ./Drivers/STM32F4xx_HAL_Driver/Src/stm32f4xx_hal.o
 .debug_info    0x00006247      0xce0 ./Drivers/STM32F4xx_HAL_Driver/Src/stm32f4xx_hal_adc.o
 .debug_info    0x00006f27      0xcf6 ./Drivers/STM32F4xx_HAL_Driver/Src/stm32f4xx_hal_cortex.o
 .debug_info    0x00007c1d      0x8e6 ./Drivers/STM32F4xx_HAL_Driver/Src/stm32f4xx_hal_dma.o
 .debug_info    0x00008503      0x6f9 ./Drivers/STM32F4xx_HAL_Driver/Src/stm32f4xx_hal_gpio.o
 .debug_info    0x00008bfc     0x2426 ./Drivers/STM32F4xx_HAL_Driver/Src/stm32f4xx_hal_i2c.o
 .debug_info    0x0000b022     0x1577 ./Drivers/STM32F4xx_HAL_Driver/Src/stm32f4xx_hal_pcd.o
 .debug_info    0x0000c599      0x6ea ./Drivers/STM32F4xx_HAL_Driver/Src/stm32f4xx_hal_pcd_ex.o
 .debug_info    0x0000cc83      0x905 ./Drivers/STM32F4xx_HAL_Driver/Src/stm32f4xx_hal_rcc.o
 .debug_info    0x0000d588     0x2996 ./Drivers/STM32F4xx_HAL_Driver/Src/stm32f4xx_hal_tim.o
 .debug_info    0x0000ff1e     0x14d4 ./Drivers/STM32F4xx_HAL_Driver/Src/stm32f4xx_hal_tim_ex.o
 .debug_info    0x000113f2     0x1993 ./Drivers/STM32F4xx_HAL_Driver/Src/stm32f4xx_ll_usb.o
 .debug_info    0x00012d85      0x7da ./Middlewares/ST/STM32_USB_Device_Library/Class/CDC/Src/usbd_midi.o
 .debug_info    0x0001355f      0xe12 ./Middlewares/ST/STM32_USB_Device_Library/Core/Src/usbd_core.o
 .debug_info    0x00014371      0xaeb ./Middlewares/ST/STM32_USB_Device_Library/Core/Src/usbd_ctlreq.o
 .debug_info    0x00014e5c      0x762 ./Middlewares/ST/STM32_USB_Device_Library/Core/Src/usbd_ioreq.o
 .debug_info    0x000155be      0x5fc ./USB_DEVICE/App/usb_device.o
 .debug_info    0x00015bba      0x458 ./USB_DEVICE/App/usbd_desc.o
 .debug_info    0x00016012     0x1c0e ./USB_DEVICE/Target/usbd_conf.o

.debug_abbrev   0x00000000     0x3da7
 .debug_abbrev  0x00000000      0x204 ./Core/Src/adc.o
 .debug_abbrev  0x00000204      0x10e ./Core/Src/dma.o
 .debug_abbrev  0x00000312      0x134 ./Core/Src/gpio.o
 .debug_abbrev  0x00000446      0x1f0 ./Core/Src/i2c.o
 .debug_abbrev  0x00000636      0x1e2 ./Core/Src/lcd_i2c.o
 .debug_abbrev  0x00000818      0x30b ./Core/Src/main.o
 .debug_abbrev  0x00000b23       0xd8 ./Core/Src/stm32f4xx_hal_msp.o
 .debug_abbrev  0x00000bfb      0x1bf ./Core/Src/stm32f4xx_it.o
 .debug_abbrev  0x00000dba      0x11a ./Core/Src/system_stm32f4xx.o
 .debug_abbrev  0x00000ed4      0x20b ./Core/Src/tim.o
 .debug_abbrev  0x000010df       0x24 ./Core/Startup/startup_stm32f401ccux.o
 .debug_abbrev  0x00001103      0x24b ./Drivers/STM32F4xx_HAL_Driver/Src/stm32f4xx_hal.o
 .debug_abbrev  0x0000134e      0x20e ./Drivers/STM32F4xx_HAL_Driver/Src/stm32f4xx_hal_adc.o
 .debug_abbrev  0x0000155c      0x31d ./Drivers/STM32F4xx_HAL_Driver/Src/stm32f4xx_hal_cortex.o
 .debug_abbrev  0x00001879      0x221 ./Drivers/STM32F4xx_HAL_Driver/Src/stm32f4xx_hal_dma.o
 .debug_abbrev  0x00001a9a      0x1d3 ./Drivers/STM32F4xx_HAL_Driver/Src/stm32f4xx_hal_gpio.o
 .debug_abbrev  0x00001c6d      0x2bc ./Drivers/STM32F4xx_HAL_Driver/Src/stm32f4xx_hal_i2c.o
 .debug_abbrev  0x00001f29      0x2b6 ./Drivers/STM32F4xx_HAL_Driver/Src/stm32f4xx_hal_pcd.o
 .debug_abbrev  0x000021df      0x1da ./Drivers/STM32F4xx_HAL_Driver/Src/stm32f4xx_hal_pcd_ex.o
 .debug_abbrev  0x000023b9      0x2b6 ./Drivers/STM32F4xx_HAL_Driver/Src/stm32f4xx_hal_rcc.o
 .debug_abbrev  0x0000266f      0x28b ./Drivers/STM32F4xx_HAL_Driver/Src/stm32f4xx_hal_tim.o
 .debug_abbrev  0x000028fa      0x296 ./Drivers/STM32F4xx_HAL_Driver/Src/stm32f4xx_hal_tim_ex.o
 .debug_abbrev  0x00002b90      0x2b3 ./Drivers/STM32F4xx_HAL_Driver/Src/stm32f4xx_ll_usb.o
 .debug_abbrev  0x00002e43      0x226 ./Middlewares/ST/STM32_USB_Device_Library/Class/CDC/Src/usbd_midi.o
 .debug_abbrev  0x00003069      0x27c ./Middlewares/ST/STM32_USB_Device_Library/Core/Src/usbd_core.o
 .debug_abbrev  0x000032e5      0x26f ./Middlewares/ST/STM32_USB_Device_Library/Core/Src/usbd_ctlreq.o
 .debug_abbrev  0x00003554      0x19a ./Middlewares/ST/STM32_USB_Device_Library/Core/Src/usbd_ioreq.o
 .debug_abbrev  0x000036ee      0x190 ./USB_DEVICE/App/usb_device.o
 .debug_abbrev  0x0000387e      0x1e1 ./USB_DEVICE/App/usbd_desc.o
 .debug_abbrev  0x00003a5f      0x348 ./USB_DEVICE/Target/usbd_conf.o

.debug_aranges  0x00000000     0x1568
 .debug_aranges
                0x00000000       0x30 ./Core/Src/adc.o
 .debug_aranges
                0x00000030       0x20 ./Core/Src/dma.o
 .debug_aranges
                0x00000050       0x20 ./Core/Src/gpio.o
 .debug_aranges
                0x00000070       0x30 ./Core/Src/i2c.o
 .debug_aranges
                0x000000a0       0x48 ./Core/Src/lcd_i2c.o
 .debug_aranges
                0x000000e8       0x58 ./Core/Src/main.o
 .debug_aranges
                0x00000140       0x20 ./Core/Src/stm32f4xx_hal_msp.o
 .debug_aranges
                0x00000160       0x70 ./Core/Src/stm32f4xx_it.o
 .debug_aranges
                0x000001d0       0x28 ./Core/Src/system_stm32f4xx.o
 .debug_aranges
                0x000001f8       0x30 ./Core/Src/tim.o
 .debug_aranges
                0x00000228       0x28 ./Core/Startup/startup_stm32f401ccux.o
 .debug_aranges
                0x00000250       0xf0 ./Drivers/STM32F4xx_HAL_Driver/Src/stm32f4xx_hal.o
 .debug_aranges
                0x00000340       0xe8 ./Drivers/STM32F4xx_HAL_Driver/Src/stm32f4xx_hal_adc.o
 .debug_aranges
                0x00000428      0x130 ./Drivers/STM32F4xx_HAL_Driver/Src/stm32f4xx_hal_cortex.o
 .debug_aranges
                0x00000558       0x90 ./Drivers/STM32F4xx_HAL_Driver/Src/stm32f4xx_hal_dma.o
 .debug_aranges
                0x000005e8       0x58 ./Drivers/STM32F4xx_HAL_Driver/Src/stm32f4xx_hal_gpio.o
 .debug_aranges
                0x00000640      0x2a8 ./Drivers/STM32F4xx_HAL_Driver/Src/stm32f4xx_hal_i2c.o
 .debug_aranges
                0x000008e8      0x148 ./Drivers/STM32F4xx_HAL_Driver/Src/stm32f4xx_hal_pcd.o
 .debug_aranges
                0x00000a30       0x38 ./Drivers/STM32F4xx_HAL_Driver/Src/stm32f4xx_hal_pcd_ex.o
 .debug_aranges
                0x00000a68       0x88 ./Drivers/STM32F4xx_HAL_Driver/Src/stm32f4xx_hal_rcc.o
 .debug_aranges
                0x00000af0      0x3d0 ./Drivers/STM32F4xx_HAL_Driver/Src/stm32f4xx_hal_tim.o
 .debug_aranges
                0x00000ec0      0x168 ./Drivers/STM32F4xx_HAL_Driver/Src/stm32f4xx_hal_tim_ex.o
 .debug_aranges
                0x00001028      0x1a0 ./Drivers/STM32F4xx_HAL_Driver/Src/stm32f4xx_ll_usb.o
 .debug_aranges
                0x000011c8       0x58 ./Middlewares/ST/STM32_USB_Device_Library/Class/CDC/Src/usbd_midi.o
 .debug_aranges
                0x00001220       0xd8 ./Middlewares/ST/STM32_USB_Device_Library/Core/Src/usbd_core.o
 .debug_aranges
                0x000012f8       0x90 ./Middlewares/ST/STM32_USB_Device_Library/Core/Src/usbd_ctlreq.o
 .debug_aranges
                0x00001388       0x50 ./Middlewares/ST/STM32_USB_Device_Library/Core/Src/usbd_ioreq.o
 .debug_aranges
                0x000013d8       0x20 ./USB_DEVICE/App/usb_device.o
 .debug_aranges
                0x000013f8       0x60 ./USB_DEVICE/App/usbd_desc.o
 .debug_aranges
                0x00001458      0x110 ./USB_DEVICE/Target/usbd_conf.o

.debug_rnglists
                0x00000000     0x106c
 .debug_rnglists
                0x00000000       0x21 ./Core/Src/adc.o
 .debug_rnglists
                0x00000021       0x13 ./Core/Src/dma.o
 .debug_rnglists
                0x00000034       0x14 ./Core/Src/gpio.o
 .debug_rnglists
                0x00000048       0x20 ./Core/Src/i2c.o
 .debug_rnglists
                0x00000068       0x31 ./Core/Src/lcd_i2c.o
 .debug_rnglists
                0x00000099       0x40 ./Core/Src/main.o
 .debug_rnglists
                0x000000d9       0x13 ./Core/Src/stm32f4xx_hal_msp.o
 .debug_rnglists
                0x000000ec       0x4f ./Core/Src/stm32f4xx_it.o
 .debug_rnglists
                0x0000013b       0x1a ./Core/Src/system_stm32f4xx.o
 .debug_rnglists
                0x00000155       0x21 ./Core/Src/tim.o
 .debug_rnglists
                0x00000176       0x19 ./Core/Startup/startup_stm32f401ccux.o
 .debug_rnglists
                0x0000018f       0xaf ./Drivers/STM32F4xx_HAL_Driver/Src/stm32f4xx_hal.o
 .debug_rnglists
                0x0000023e       0xb5 ./Drivers/STM32F4xx_HAL_Driver/Src/stm32f4xx_hal_adc.o
 .debug_rnglists
                0x000002f3       0xe0 ./Drivers/STM32F4xx_HAL_Driver/Src/stm32f4xx_hal_cortex.o
 .debug_rnglists
                0x000003d3       0x70 ./Drivers/STM32F4xx_HAL_Driver/Src/stm32f4xx_hal_dma.o
 .debug_rnglists
                0x00000443       0x3f ./Drivers/STM32F4xx_HAL_Driver/Src/stm32f4xx_hal_gpio.o
 .debug_rnglists
                0x00000482      0x23c ./Drivers/STM32F4xx_HAL_Driver/Src/stm32f4xx_hal_i2c.o
 .debug_rnglists
                0x000006be       0xfa ./Drivers/STM32F4xx_HAL_Driver/Src/stm32f4xx_hal_pcd.o
 .debug_rnglists
                0x000007b8       0x26 ./Drivers/STM32F4xx_HAL_Driver/Src/stm32f4xx_hal_pcd_ex.o
 .debug_rnglists
                0x000007de       0x66 ./Drivers/STM32F4xx_HAL_Driver/Src/stm32f4xx_hal_rcc.o
 .debug_rnglists
                0x00000844      0x31a ./Drivers/STM32F4xx_HAL_Driver/Src/stm32f4xx_hal_tim.o
 .debug_rnglists
                0x00000b5e      0x125 ./Drivers/STM32F4xx_HAL_Driver/Src/stm32f4xx_hal_tim_ex.o
 .debug_rnglists
                0x00000c83      0x147 ./Drivers/STM32F4xx_HAL_Driver/Src/stm32f4xx_ll_usb.o
 .debug_rnglists
                0x00000dca       0x3d ./Middlewares/ST/STM32_USB_Device_Library/Class/CDC/Src/usbd_midi.o
 .debug_rnglists
                0x00000e07       0xa1 ./Middlewares/ST/STM32_USB_Device_Library/Core/Src/usbd_core.o
 .debug_rnglists
                0x00000ea8       0x6e ./Middlewares/ST/STM32_USB_Device_Library/Core/Src/usbd_ctlreq.o
 .debug_rnglists
                0x00000f16       0x37 ./Middlewares/ST/STM32_USB_Device_Library/Core/Src/usbd_ioreq.o
 .debug_rnglists
                0x00000f4d       0x13 ./USB_DEVICE/App/usb_device.o
 .debug_rnglists
                0x00000f60       0x43 ./USB_DEVICE/App/usbd_desc.o
 .debug_rnglists
                0x00000fa3       0xc9 ./USB_DEVICE/Target/usbd_conf.o

.debug_macro    0x00000000    0x1b113
 .debug_macro   0x00000000      0x242 ./Core/Src/adc.o
 .debug_macro   0x00000242      0xad8 ./Core/Src/adc.o
 .debug_macro   0x00000d1a      0x2a7 ./Core/Src/adc.o
 .debug_macro   0x00000fc1       0x2e ./Core/Src/adc.o
 .debug_macro   0x00000fef       0x28 ./Core/Src/adc.o
 .debug_macro   0x00001017       0x22 ./Core/Src/adc.o
 .debug_macro   0x00001039       0x8e ./Core/Src/adc.o
 .debug_macro   0x000010c7       0x51 ./Core/Src/adc.o
 .debug_macro   0x00001118      0x103 ./Core/Src/adc.o
 .debug_macro   0x0000121b       0x6a ./Core/Src/adc.o
 .debug_macro   0x00001285      0x1df ./Core/Src/adc.o
 .debug_macro   0x00001464       0x1c ./Core/Src/adc.o
 .debug_macro   0x00001480       0x22 ./Core/Src/adc.o
 .debug_macro   0x000014a2       0xfb ./Core/Src/adc.o
 .debug_macro   0x0000159d     0x1011 ./Core/Src/adc.o
 .debug_macro   0x000025ae      0x11f ./Core/Src/adc.o
 .debug_macro   0x000026cd     0xb881 ./Core/Src/adc.o
 .debug_macro   0x0000df4e       0x6d ./Core/Src/adc.o
 .debug_macro   0x0000dfbb     0x3693 ./Core/Src/adc.o
 .debug_macro   0x0001164e      0x190 ./Core/Src/adc.o
 .debug_macro   0x000117de       0x5c ./Core/Src/adc.o
 .debug_macro   0x0001183a      0x416 ./Core/Src/adc.o
 .debug_macro   0x00011c50      0x9e9 ./Core/Src/adc.o
 .debug_macro   0x00012639      0x115 ./Core/Src/adc.o
 .debug_macro   0x0001274e       0xf8 ./Core/Src/adc.o
 .debug_macro   0x00012846       0xa5 ./Core/Src/adc.o
 .debug_macro   0x000128eb      0x15f ./Core/Src/adc.o
 .debug_macro   0x00012a4a      0x287 ./Core/Src/adc.o
 .debug_macro   0x00012cd1       0x5f ./Core/Src/adc.o
 .debug_macro   0x00012d30      0x236 ./Core/Src/adc.o
 .debug_macro   0x00012f66      0x9e1 ./Core/Src/adc.o
 .debug_macro   0x00013947      0x38b ./Core/Src/adc.o
 .debug_macro   0x00013cd2      0x176 ./Core/Src/adc.o
 .debug_macro   0x00013e48       0xf9 ./Core/Src/adc.o
 .debug_macro   0x00013f41      0x132 ./Core/Src/adc.o
 .debug_macro   0x00014073      0x23a ./Core/Src/adc.o
 .debug_macro   0x000142ad       0x2e ./Core/Src/adc.o
 .debug_macro   0x000142db      0x1b5 ./Core/Src/adc.o
 .debug_macro   0x00014490       0x22 ./Core/Src/adc.o
 .debug_macro   0x000144b2       0xd6 ./Core/Src/adc.o
 .debug_macro   0x00014588      0x127 ./Core/Src/adc.o
 .debug_macro   0x000146af       0x85 ./Core/Src/adc.o
 .debug_macro   0x00014734       0x89 ./Core/Src/adc.o
 .debug_macro   0x000147bd      0x8ed ./Core/Src/adc.o
 .debug_macro   0x000150aa       0x47 ./Core/Src/adc.o
 .debug_macro   0x000150f1      0x293 ./Core/Src/adc.o
 .debug_macro   0x00015384       0xba ./Core/Src/adc.o
 .debug_macro   0x0001543e      0x126 ./Core/Src/adc.o
 .debug_macro   0x00015564       0xa0 ./Core/Src/adc.o
 .debug_macro   0x00015604      0x242 ./Core/Src/dma.o
 .debug_macro   0x00015846      0x242 ./Core/Src/gpio.o
 .debug_macro   0x00015a88      0x242 ./Core/Src/i2c.o
 .debug_macro   0x00015cca      0x24c ./Core/Src/lcd_i2c.o
 .debug_macro   0x00015f16       0xa6 ./Core/Src/lcd_i2c.o
 .debug_macro   0x00015fbc      0x435 ./Core/Src/main.o
 .debug_macro   0x000163f1       0x61 ./Core/Src/main.o
 .debug_macro   0x00016452       0x2a ./Core/Src/main.o
 .debug_macro   0x0001647c       0x43 ./Core/Src/main.o
 .debug_macro   0x000164bf       0x34 ./Core/Src/main.o
 .debug_macro   0x000164f3       0x16 ./Core/Src/main.o
 .debug_macro   0x00016509       0x3c ./Core/Src/main.o
 .debug_macro   0x00016545      0x364 ./Core/Src/main.o
 .debug_macro   0x000168a9       0x10 ./Core/Src/main.o
 .debug_macro   0x000168b9       0x16 ./Core/Src/main.o
 .debug_macro   0x000168cf       0x4a ./Core/Src/main.o
 .debug_macro   0x00016919       0x34 ./Core/Src/main.o
 .debug_macro   0x0001694d       0x10 ./Core/Src/main.o
 .debug_macro   0x0001695d       0x58 ./Core/Src/main.o
 .debug_macro   0x000169b5       0x8e ./Core/Src/main.o
 .debug_macro   0x00016a43       0x1c ./Core/Src/main.o
 .debug_macro   0x00016a5f      0x17e ./Core/Src/main.o
 .debug_macro   0x00016bdd       0x16 ./Core/Src/main.o
 .debug_macro   0x00016bf3       0x16 ./Core/Src/main.o
 .debug_macro   0x00016c09      0x146 ./Core/Src/main.o
 .debug_macro   0x00016d4f       0x16 ./Core/Src/main.o
 .debug_macro   0x00016d65       0x16 ./Core/Src/main.o
 .debug_macro   0x00016d7b       0x29 ./Core/Src/main.o
 .debug_macro   0x00016da4       0x16 ./Core/Src/main.o
 .debug_macro   0x00016dba       0x20 ./Core/Src/main.o
 .debug_macro   0x00016dda       0x6b ./Core/Src/main.o
 .debug_macro   0x00016e45      0x20f ./Core/Src/main.o
 .debug_macro   0x00017054       0x2e ./Core/Src/main.o
 .debug_macro   0x00017082      0x238 ./Core/Src/stm32f4xx_hal_msp.o
 .debug_macro   0x000172ba      0x242 ./Core/Src/stm32f4xx_it.o
 .debug_macro   0x000174fc      0x229 ./Core/Src/system_stm32f4xx.o
 .debug_macro   0x00017725      0x242 ./Core/Src/tim.o
 .debug_macro   0x00017967      0x289 ./Drivers/STM32F4xx_HAL_Driver/Src/stm32f4xx_hal.o
 .debug_macro   0x00017bf0      0x22a ./Drivers/STM32F4xx_HAL_Driver/Src/stm32f4xx_hal_adc.o
 .debug_macro   0x00017e1a      0x229 ./Drivers/STM32F4xx_HAL_Driver/Src/stm32f4xx_hal_cortex.o
 .debug_macro   0x00018043      0x22f ./Drivers/STM32F4xx_HAL_Driver/Src/stm32f4xx_hal_dma.o
 .debug_macro   0x00018272      0x22f ./Drivers/STM32F4xx_HAL_Driver/Src/stm32f4xx_hal_gpio.o
 .debug_macro   0x000184a1      0x277 ./Drivers/STM32F4xx_HAL_Driver/Src/stm32f4xx_hal_i2c.o
 .debug_macro   0x00018718      0x235 ./Drivers/STM32F4xx_HAL_Driver/Src/stm32f4xx_hal_pcd.o
 .debug_macro   0x0001894d      0x229 ./Drivers/STM32F4xx_HAL_Driver/Src/stm32f4xx_hal_pcd_ex.o
 .debug_macro   0x00018b76      0x24d ./Drivers/STM32F4xx_HAL_Driver/Src/stm32f4xx_hal_rcc.o
 .debug_macro   0x00018dc3      0x22a ./Drivers/STM32F4xx_HAL_Driver/Src/stm32f4xx_hal_tim.o
 .debug_macro   0x00018fed      0x229 ./Drivers/STM32F4xx_HAL_Driver/Src/stm32f4xx_hal_tim_ex.o
 .debug_macro   0x00019216      0x229 ./Drivers/STM32F4xx_HAL_Driver/Src/stm32f4xx_ll_usb.o
 .debug_macro   0x0001943f      0x3cd ./Middlewares/ST/STM32_USB_Device_Library/Class/CDC/Src/usbd_midi.o
 .debug_macro   0x0001980c      0x3ae ./Middlewares/ST/STM32_USB_Device_Library/Core/Src/usbd_core.o
 .debug_macro   0x00019bba      0x215 ./Middlewares/ST/STM32_USB_Device_Library/Core/Src/usbd_core.o
 .debug_macro   0x00019dcf      0x3b8 ./Middlewares/ST/STM32_USB_Device_Library/Core/Src/usbd_ctlreq.o
 .debug_macro   0x0001a187      0x3b4 ./Middlewares/ST/STM32_USB_Device_Library/Core/Src/usbd_ioreq.o
 .debug_macro   0x0001a53b      0x3de ./USB_DEVICE/App/usb_device.o
 .debug_macro   0x0001a919       0x22 ./USB_DEVICE/App/usb_device.o
 .debug_macro   0x0001a93b      0x3f1 ./USB_DEVICE/App/usbd_desc.o
 .debug_macro   0x0001ad2c       0x1c ./USB_DEVICE/App/usbd_desc.o
 .debug_macro   0x0001ad48      0x3cb ./USB_DEVICE/Target/usbd_conf.o

.debug_line     0x00000000    0x1d573
 .debug_line    0x00000000      0x8a4 ./Core/Src/adc.o
 .debug_line    0x000008a4      0x7ed ./Core/Src/dma.o
 .debug_line    0x00001091      0x806 ./Core/Src/gpio.o
 .debug_line    0x00001897      0x85f ./Core/Src/i2c.o
 .debug_line    0x000020f6      0x8ac ./Core/Src/lcd_i2c.o
 .debug_line    0x000029a2      0xf58 ./Core/Src/main.o
 .debug_line    0x000038fa      0x7f1 ./Core/Src/stm32f4xx_hal_msp.o
 .debug_line    0x000040eb      0x8d0 ./Core/Src/stm32f4xx_it.o
 .debug_line    0x000049bb      0x867 ./Core/Src/system_stm32f4xx.o
 .debug_line    0x00005222      0x880 ./Core/Src/tim.o
 .debug_line    0x00005aa2       0x7a ./Core/Startup/startup_stm32f401ccux.o
 .debug_line    0x00005b1c      0xae6 ./Drivers/STM32F4xx_HAL_Driver/Src/stm32f4xx_hal.o
 .debug_line    0x00006602     0x122e ./Drivers/STM32F4xx_HAL_Driver/Src/stm32f4xx_hal_adc.o
 .debug_line    0x00007830      0xdb3 ./Drivers/STM32F4xx_HAL_Driver/Src/stm32f4xx_hal_cortex.o
 .debug_line    0x000085e3     0x104f ./Drivers/STM32F4xx_HAL_Driver/Src/stm32f4xx_hal_dma.o
 .debug_line    0x00009632      0xbfc ./Drivers/STM32F4xx_HAL_Driver/Src/stm32f4xx_hal_gpio.o
 .debug_line    0x0000a22e     0x3b90 ./Drivers/STM32F4xx_HAL_Driver/Src/stm32f4xx_hal_i2c.o
 .debug_line    0x0000ddbe     0x152c ./Drivers/STM32F4xx_HAL_Driver/Src/stm32f4xx_hal_pcd.o
 .debug_line    0x0000f2ea      0x8ac ./Drivers/STM32F4xx_HAL_Driver/Src/stm32f4xx_hal_pcd_ex.o
 .debug_line    0x0000fb96      0xef0 ./Drivers/STM32F4xx_HAL_Driver/Src/stm32f4xx_hal_rcc.o
 .debug_line    0x00010a86     0x3628 ./Drivers/STM32F4xx_HAL_Driver/Src/stm32f4xx_hal_tim.o
 .debug_line    0x000140ae     0x19de ./Drivers/STM32F4xx_HAL_Driver/Src/stm32f4xx_hal_tim_ex.o
 .debug_line    0x00015a8c     0x1dc1 ./Drivers/STM32F4xx_HAL_Driver/Src/stm32f4xx_ll_usb.o
 .debug_line    0x0001784d      0xb5e ./Middlewares/ST/STM32_USB_Device_Library/Class/CDC/Src/usbd_midi.o
 .debug_line    0x000183ab     0x1009 ./Middlewares/ST/STM32_USB_Device_Library/Core/Src/usbd_core.o
 .debug_line    0x000193b4     0x11cb ./Middlewares/ST/STM32_USB_Device_Library/Core/Src/usbd_ctlreq.o
 .debug_line    0x0001a57f      0xb10 ./Middlewares/ST/STM32_USB_Device_Library/Core/Src/usbd_ioreq.o
 .debug_line    0x0001b08f      0xab8 ./USB_DEVICE/App/usb_device.o
 .debug_line    0x0001bb47      0xb7f ./USB_DEVICE/App/usbd_desc.o
 .debug_line    0x0001c6c6      0xead ./USB_DEVICE/Target/usbd_conf.o

.debug_str      0x00000000    0x9dbc3
 .debug_str     0x00000000    0x9dbc3 ./Core/Src/adc.o
                              0x933ba (size before relaxing)
 .debug_str     0x0009dbc3    0x93212 ./Core/Src/dma.o
 .debug_str     0x0009dbc3    0x92ee6 ./Core/Src/gpio.o
 .debug_str     0x0009dbc3    0x93456 ./Core/Src/i2c.o
 .debug_str     0x0009dbc3    0x93313 ./Core/Src/lcd_i2c.o
 .debug_str     0x0009dbc3    0x98530 ./Core/Src/main.o
 .debug_str     0x0009dbc3    0x92e57 ./Core/Src/stm32f4xx_hal_msp.o
 .debug_str     0x0009dbc3    0x93434 ./Core/Src/stm32f4xx_it.o
 .debug_str     0x0009dbc3    0x92cdc ./Core/Src/system_stm32f4xx.o
 .debug_str     0x0009dbc3    0x935c3 ./Core/Src/tim.o
 .debug_str     0x0009dbc3       0x7e ./Core/Startup/startup_stm32f401ccux.o
 .debug_str     0x0009dbc3    0x936fe ./Drivers/STM32F4xx_HAL_Driver/Src/stm32f4xx_hal.o
 .debug_str     0x0009dbc3    0x932b7 ./Drivers/STM32F4xx_HAL_Driver/Src/stm32f4xx_hal_adc.o
 .debug_str     0x0009dbc3    0x93468 ./Drivers/STM32F4xx_HAL_Driver/Src/stm32f4xx_hal_cortex.o
 .debug_str     0x0009dbc3    0x930e4 ./Drivers/STM32F4xx_HAL_Driver/Src/stm32f4xx_hal_dma.o
 .debug_str     0x0009dbc3    0x92e57 ./Drivers/STM32F4xx_HAL_Driver/Src/stm32f4xx_hal_gpio.o
 .debug_str     0x0009dbc3    0x93ced ./Drivers/STM32F4xx_HAL_Driver/Src/stm32f4xx_hal_i2c.o
 .debug_str     0x0009dbc3    0x937a8 ./Drivers/STM32F4xx_HAL_Driver/Src/stm32f4xx_hal_pcd.o
 .debug_str     0x0009dbc3    0x93098 ./Drivers/STM32F4xx_HAL_Driver/Src/stm32f4xx_hal_pcd_ex.o
 .debug_str     0x0009dbc3    0x93110 ./Drivers/STM32F4xx_HAL_Driver/Src/stm32f4xx_hal_rcc.o
 .debug_str     0x0009dbc3    0x94054 ./Drivers/STM32F4xx_HAL_Driver/Src/stm32f4xx_hal_tim.o
 .debug_str     0x0009dbc3    0x93860 ./Drivers/STM32F4xx_HAL_Driver/Src/stm32f4xx_hal_tim_ex.o
 .debug_str     0x0009dbc3    0x93683 ./Drivers/STM32F4xx_HAL_Driver/Src/stm32f4xx_ll_usb.o
 .debug_str     0x0009dbc3    0x976fe ./Middlewares/ST/STM32_USB_Device_Library/Class/CDC/Src/usbd_midi.o
 .debug_str     0x0009dbc3    0x9786b ./Middlewares/ST/STM32_USB_Device_Library/Core/Src/usbd_core.o
 .debug_str     0x0009dbc3    0x97696 ./Middlewares/ST/STM32_USB_Device_Library/Core/Src/usbd_ctlreq.o
 .debug_str     0x0009dbc3    0x9756b ./Middlewares/ST/STM32_USB_Device_Library/Core/Src/usbd_ioreq.o
 .debug_str     0x0009dbc3    0x97666 ./USB_DEVICE/App/usb_device.o
 .debug_str     0x0009dbc3    0x97450 ./USB_DEVICE/App/usbd_desc.o
 .debug_str     0x0009dbc3    0x987f6 ./USB_DEVICE/Target/usbd_conf.o

.comment        0x00000000       0x43
 .comment       0x00000000       0x43 ./Core/Src/adc.o
                                 0x44 (size before relaxing)
 .comment       0x00000043       0x44 ./Core/Src/dma.o
 .comment       0x00000043       0x44 ./Core/Src/gpio.o
 .comment       0x00000043       0x44 ./Core/Src/i2c.o
 .comment       0x00000043       0x44 ./Core/Src/lcd_i2c.o
 .comment       0x00000043       0x44 ./Core/Src/main.o
 .comment       0x00000043       0x44 ./Core/Src/stm32f4xx_hal_msp.o
 .comment       0x00000043       0x44 ./Core/Src/stm32f4xx_it.o
 .comment       0x00000043       0x44 ./Core/Src/system_stm32f4xx.o
 .comment       0x00000043       0x44 ./Core/Src/tim.o
 .comment       0x00000043       0x44 ./Drivers/STM32F4xx_HAL_Driver/Src/stm32f4xx_hal.o
 .comment       0x00000043       0x44 ./Drivers/STM32F4xx_HAL_Driver/Src/stm32f4xx_hal_adc.o
 .comment       0x00000043       0x44 ./Drivers/STM32F4xx_HAL_Driver/Src/stm32f4xx_hal_cortex.o
 .comment       0x00000043       0x44 ./Drivers/STM32F4xx_HAL_Driver/Src/stm32f4xx_hal_dma.o
 .comment       0x00000043       0x44 ./Drivers/STM32F4xx_HAL_Driver/Src/stm32f4xx_hal_gpio.o
 .comment       0x00000043       0x44 ./Drivers/STM32F4xx_HAL_Driver/Src/stm32f4xx_hal_i2c.o
 .comment       0x00000043       0x44 ./Drivers/STM32F4xx_HAL_Driver/Src/stm32f4xx_hal_pcd.o
 .comment       0x00000043       0x44 ./Drivers/STM32F4xx_HAL_Driver/Src/stm32f4xx_hal_pcd_ex.o
 .comment       0x00000043       0x44 ./Drivers/STM32F4xx_HAL_Driver/Src/stm32f4xx_hal_rcc.o
 .comment       0x00000043       0x44 ./Drivers/STM32F4xx_HAL_Driver/Src/stm32f4xx_hal_tim.o
 .comment       0x00000043       0x44 ./Drivers/STM32F4xx_HAL_Driver/Src/stm32f4xx_hal_tim_ex.o
 .comment       0x00000043       0x44 ./Drivers/STM32F4xx_HAL_Driver/Src/stm32f4xx_ll_usb.o
 .comment       0x00000043       0x44 ./Middlewares/ST/STM32_USB_Device_Library/Class/CDC/Src/usbd_midi.o
 .comment       0x00000043       0x44 ./Middlewares/ST/STM32_USB_Device_Library/Core/Src/usbd_core.o
 .comment       0x00000043       0x44 ./Middlewares/ST/STM32_USB_Device_Library/Core/Src/usbd_ctlreq.o
 .comment       0x00000043       0x44 ./Middlewares/ST/STM32_USB_Device_Library/Core/Src/usbd_ioreq.o
 .comment       0x00000043       0x44 ./USB_DEVICE/App/usb_device.o
 .comment       0x00000043       0x44 ./USB_DEVICE/App/usbd_desc.o
 .comment       0x00000043       0x44 ./USB_DEVICE/Target/usbd_conf.o

.debug_frame    0x00000000     0x54d4
 .debug_frame   0x00000000       0x7c ./Core/Src/adc.o
 .debug_frame   0x0000007c       0x34 ./Core/Src/dma.o
 .debug_frame   0x000000b0       0x34 ./Core/Src/gpio.o
 .debug_frame   0x000000e4       0x74 ./Core/Src/i2c.o
 .debug_frame   0x00000158       0xd8 ./Core/Src/lcd_i2c.o
 .debug_frame   0x00000230      0x120 ./Core/Src/main.o
 .debug_frame   0x00000350       0x34 ./Core/Src/stm32f4xx_hal_msp.o
 .debug_frame   0x00000384      0x130 ./Core/Src/stm32f4xx_it.o
 .debug_frame   0x000004b4       0x50 ./Core/Src/system_stm32f4xx.o
 .debug_frame   0x00000504       0x7c ./Core/Src/tim.o
 .debug_frame   0x00000580      0x31c ./Drivers/STM32F4xx_HAL_Driver/Src/stm32f4xx_hal.o
 .debug_frame   0x0000089c      0x3bc ./Drivers/STM32F4xx_HAL_Driver/Src/stm32f4xx_hal_adc.o
 .debug_frame   0x00000c58      0x4b8 ./Drivers/STM32F4xx_HAL_Driver/Src/stm32f4xx_hal_cortex.o
 .debug_frame   0x00001110      0x230 ./Drivers/STM32F4xx_HAL_Driver/Src/stm32f4xx_hal_dma.o
 .debug_frame   0x00001340      0x130 ./Drivers/STM32F4xx_HAL_Driver/Src/stm32f4xx_hal_gpio.o
 .debug_frame   0x00001470      0xbf4 ./Drivers/STM32F4xx_HAL_Driver/Src/stm32f4xx_hal_i2c.o
 .debug_frame   0x00002064      0x574 ./Drivers/STM32F4xx_HAL_Driver/Src/stm32f4xx_hal_pcd.o
 .debug_frame   0x000025d8       0xa0 ./Drivers/STM32F4xx_HAL_Driver/Src/stm32f4xx_hal_pcd_ex.o
 .debug_frame   0x00002678      0x1d8 ./Drivers/STM32F4xx_HAL_Driver/Src/stm32f4xx_hal_rcc.o
 .debug_frame   0x00002850     0x10e8 ./Drivers/STM32F4xx_HAL_Driver/Src/stm32f4xx_hal_tim.o
 .debug_frame   0x00003938      0x600 ./Drivers/STM32F4xx_HAL_Driver/Src/stm32f4xx_hal_tim_ex.o
 .debug_frame   0x00003f38      0x724 ./Drivers/STM32F4xx_HAL_Driver/Src/stm32f4xx_ll_usb.o
 .debug_frame   0x0000465c      0x130 ./Middlewares/ST/STM32_USB_Device_Library/Class/CDC/Src/usbd_midi.o
 .debug_frame   0x0000478c      0x370 ./Middlewares/ST/STM32_USB_Device_Library/Core/Src/usbd_core.o
 .debug_frame   0x00004afc      0x234 ./Middlewares/ST/STM32_USB_Device_Library/Core/Src/usbd_ctlreq.o
 .debug_frame   0x00004d30      0x10c ./Middlewares/ST/STM32_USB_Device_Library/Core/Src/usbd_ioreq.o
 .debug_frame   0x00004e3c       0x2c ./USB_DEVICE/App/usb_device.o
 .debug_frame   0x00004e68      0x154 ./USB_DEVICE/App/usbd_desc.o
 .debug_frame   0x00004fbc      0x46c ./USB_DEVICE/Target/usbd_conf.o
 .debug_frame   0x00005428       0x20 C:/ST/STM32CubeIDE_2.1.1/STM32CubeIDE/plugins/com.st.stm32cube.ide.mcu.externaltools.gnu-tools-for-stm32.14.3.rel1.win32_1.0.100.202602081740/tools/bin/../lib/gcc/arm-none-eabi/14.3.1/../../../../arm-none-eabi/lib/thumb/v7e-m+fp/hard\libc_nano.a(libc_a-memset.o)
 .debug_frame   0x00005448       0x2c C:/ST/STM32CubeIDE_2.1.1/STM32CubeIDE/plugins/com.st.stm32cube.ide.mcu.externaltools.gnu-tools-for-stm32.14.3.rel1.win32_1.0.100.202602081740/tools/bin/../lib/gcc/arm-none-eabi/14.3.1/../../../../arm-none-eabi/lib/thumb/v7e-m+fp/hard\libc_nano.a(libc_a-init.o)
 .debug_frame   0x00005474       0x2c C:/ST/STM32CubeIDE_2.1.1/STM32CubeIDE/plugins/com.st.stm32cube.ide.mcu.externaltools.gnu-tools-for-stm32.14.3.rel1.win32_1.0.100.202602081740/tools/bin/../lib/gcc/arm-none-eabi/14.3.1/thumb/v7e-m+fp/hard\libgcc.a(_aeabi_uldivmod.o)
 .debug_frame   0x000054a0       0x34 C:/ST/STM32CubeIDE_2.1.1/STM32CubeIDE/plugins/com.st.stm32cube.ide.mcu.externaltools.gnu-tools-for-stm32.14.3.rel1.win32_1.0.100.202602081740/tools/bin/../lib/gcc/arm-none-eabi/14.3.1/thumb/v7e-m+fp/hard\libgcc.a(_udivmoddi4.o)

.debug_line_str
                0x00000000       0x62
 .debug_line_str
                0x00000000       0x62 ./Core/Startup/startup_stm32f401ccux.o